Archive member included because of file (symbol)

c:/documents and settings/strocki/my documents/emide v2.20/arm/bin/../lib/gcc/arm-none-eabi/4.7.4/../../../../arm-none-eabi/lib/armv7e-m\libc.a(lib_a-__atexit.o)
                              c:/documents and settings/strocki/my documents/emide v2.20/arm/bin/../lib/gcc/arm-none-eabi/4.7.4/../../../../arm-none-eabi/lib/armv7e-m/crt0.o (__register_exitproc)
c:/documents and settings/strocki/my documents/emide v2.20/arm/bin/../lib/gcc/arm-none-eabi/4.7.4/../../../../arm-none-eabi/lib/armv7e-m\libc.a(lib_a-exit.o)
                              c:/documents and settings/strocki/my documents/emide v2.20/arm/bin/../lib/gcc/arm-none-eabi/4.7.4/../../../../arm-none-eabi/lib/armv7e-m/crt0.o (exit)
c:/documents and settings/strocki/my documents/emide v2.20/arm/bin/../lib/gcc/arm-none-eabi/4.7.4/../../../../arm-none-eabi/lib/armv7e-m\libc.a(lib_a-fini.o)
                              c:/documents and settings/strocki/my documents/emide v2.20/arm/bin/../lib/gcc/arm-none-eabi/4.7.4/../../../../arm-none-eabi/lib/armv7e-m/crt0.o (__libc_fini_array)
c:/documents and settings/strocki/my documents/emide v2.20/arm/bin/../lib/gcc/arm-none-eabi/4.7.4/../../../../arm-none-eabi/lib/armv7e-m\libc.a(lib_a-impure.o)
                              c:/documents and settings/strocki/my documents/emide v2.20/arm/bin/../lib/gcc/arm-none-eabi/4.7.4/../../../../arm-none-eabi/lib/armv7e-m\libc.a(lib_a-__atexit.o) (_global_impure_ptr)
c:/documents and settings/strocki/my documents/emide v2.20/arm/bin/../lib/gcc/arm-none-eabi/4.7.4/../../../../arm-none-eabi/lib/armv7e-m\libc.a(lib_a-init.o)
                              c:/documents and settings/strocki/my documents/emide v2.20/arm/bin/../lib/gcc/arm-none-eabi/4.7.4/../../../../arm-none-eabi/lib/armv7e-m/crt0.o (__libc_init_array)
c:/documents and settings/strocki/my documents/emide v2.20/arm/bin/../lib/gcc/arm-none-eabi/4.7.4/../../../../arm-none-eabi/lib/armv7e-m\libc.a(lib_a-memcpy.o)
                              obj\HELIX\mp3dec.o (memcpy)
c:/documents and settings/strocki/my documents/emide v2.20/arm/bin/../lib/gcc/arm-none-eabi/4.7.4/../../../../arm-none-eabi/lib/armv7e-m\libc.a(lib_a-memmove.o)
                              obj\HELIX\mp3dec.o (memmove)
c:/documents and settings/strocki/my documents/emide v2.20/arm/bin/../lib/gcc/arm-none-eabi/4.7.4/../../../../arm-none-eabi/lib/armv7e-m\libc.a(lib_a-memset.o)
                              c:/documents and settings/strocki/my documents/emide v2.20/arm/bin/../lib/gcc/arm-none-eabi/4.7.4/../../../../arm-none-eabi/lib/armv7e-m/crt0.o (memset)
c:/documents and settings/strocki/my documents/emide v2.20/arm/bin/../lib/gcc/arm-none-eabi/4.7.4/../../../../arm-none-eabi/lib/armv7e-m\libc.a(lib_a-__call_atexit.o)
                              c:/documents and settings/strocki/my documents/emide v2.20/arm/bin/../lib/gcc/arm-none-eabi/4.7.4/../../../../arm-none-eabi/lib/armv7e-m\libc.a(lib_a-exit.o) (__call_exitprocs)
c:/documents and settings/strocki/my documents/emide v2.20/arm/bin/../lib/gcc/arm-none-eabi/4.7.4/../../../../arm-none-eabi/lib/armv7e-m\libc.a(lib_a-atexit.o)
                              c:/documents and settings/strocki/my documents/emide v2.20/arm/bin/../lib/gcc/arm-none-eabi/4.7.4/../../../../arm-none-eabi/lib/armv7e-m\libc.a(lib_a-__call_atexit.o) (atexit)

Allocating common symbols
Common symbol       size              file

HSEStartUpStatus    0x1               obj\Src\usb_bsp.o
fileR               0x41c             obj\Src\usbh_usr.o
USBH_MSC_CSWData    0x10              obj\USB_Host\usbh_msc_bot.o
MSC_Machine         0x4a              obj\USB_Host\usbh_msc_core.o
fno                 0x20              obj\Src\usbh_usr.o
time_var4           0x4               obj\Src\main.o
USBH_DataInBuffer   0x200             obj\USB_Host\usbh_msc_scsi.o
USBH_MSC_Param      0x10              obj\USB_Host\usbh_msc_scsi.o
USBH_MSC_BOTXferParam
                    0x10              obj\USB_Host\usbh_msc_bot.o
time_var1           0x4               obj\Src\main.o
time_var2           0x4               obj\Src\main.o
USB_OTG_Core        0x4b0             obj\Src\main.o
USBH_DataOutBuffer  0x200             obj\USB_Host\usbh_msc_scsi.o
petla_main_licznik  0x4               obj\Src\main.o
dir                 0x24              obj\Src\usbh_usr.o
MSC_Setup           0x8               obj\USB_Host\usbh_msc_core.o
time_var3           0x4               obj\Src\main.o
USBH_MSC_CBWData    0x20              obj\USB_Host\usbh_msc_bot.o
RCC_Clocks          0x10              obj\Src\main.o
tim3_licznik_pomoc  0x4               obj\Src\main.o
USB_Host            0x84              obj\Src\main.o
fatfs               0x424             obj\Src\usbh_usr.o
tim3_licznik        0x4               obj\Src\main.o

Discarded input sections

[...]
Memory Configuration

Name             Origin             Length             Attributes
RAM              0x20000000         0x00020000         xrw
FLASH            0x08000000         0x00080000         xr
*default*        0x00000000         0xffffffff

Linker script and memory map

LOAD c:/documents and settings/strocki/my documents/emide v2.20/arm/bin/../lib/gcc/arm-none-eabi/4.7.4/armv7e-m/crti.o
LOAD c:/documents and settings/strocki/my documents/emide v2.20/arm/bin/../lib/gcc/arm-none-eabi/4.7.4/armv7e-m/crtbegin.o
LOAD c:/documents and settings/strocki/my documents/emide v2.20/arm/bin/../lib/gcc/arm-none-eabi/4.7.4/../../../../arm-none-eabi/lib/armv7e-m/crt0.o
LOAD obj\5110\5110.o
LOAD obj\FATfs\ccsbcs.o
LOAD obj\FATfs\fattime.o
LOAD obj\FATfs\ff.o
LOAD obj\HELIX\bitstream.o
LOAD obj\HELIX\buffers.o
LOAD obj\HELIX\dct32.o
LOAD obj\HELIX\dequant.o
LOAD obj\HELIX\dqchan.o
LOAD obj\HELIX\huffman.o
LOAD obj\HELIX\hufftabs.o
LOAD obj\HELIX\imdct.o
LOAD obj\HELIX\mp3dec.o
LOAD obj\HELIX\mp3tabs.o
LOAD obj\HELIX\polyphase.o
LOAD obj\HELIX\scalfact.o
LOAD obj\HELIX\stproc.o
LOAD obj\HELIX\subband.o
LOAD obj\HELIX\trigtabs_fixpt.o
LOAD obj\Setup\startup_stm32f446xx.o
LOAD obj\Src\Audio.o
LOAD obj\Src\config_io.o
LOAD obj\Src\main.o
LOAD obj\Src\stm32f4xx_it.o
LOAD obj\Src\system_stm32f4xx.o
LOAD obj\Src\usb_bsp.o
LOAD obj\Src\usbh_usr.o
LOAD obj\STM32F4xx_StdPeriph_Driver\misc.o
LOAD obj\STM32F4xx_StdPeriph_Driver\stm32f4xx_adc.o
LOAD obj\STM32F4xx_StdPeriph_Driver\stm32f4xx_can.o
LOAD obj\STM32F4xx_StdPeriph_Driver\stm32f4xx_crc.o
LOAD obj\STM32F4xx_StdPeriph_Driver\stm32f4xx_cryp.o
LOAD obj\STM32F4xx_StdPeriph_Driver\stm32f4xx_cryp_aes.o
LOAD obj\STM32F4xx_StdPeriph_Driver\stm32f4xx_cryp_des.o
LOAD obj\STM32F4xx_StdPeriph_Driver\stm32f4xx_cryp_tdes.o
LOAD obj\STM32F4xx_StdPeriph_Driver\stm32f4xx_dac.o
LOAD obj\STM32F4xx_StdPeriph_Driver\stm32f4xx_dbgmcu.o
LOAD obj\STM32F4xx_StdPeriph_Driver\stm32f4xx_dcmi.o
LOAD obj\STM32F4xx_StdPeriph_Driver\stm32f4xx_dma.o
LOAD obj\STM32F4xx_StdPeriph_Driver\stm32f4xx_exti.o
LOAD obj\STM32F4xx_StdPeriph_Driver\stm32f4xx_flash.o
LOAD obj\STM32F4xx_StdPeriph_Driver\stm32f4xx_fsmc.o
LOAD obj\STM32F4xx_StdPeriph_Driver\stm32f4xx_gpio.o
LOAD obj\STM32F4xx_StdPeriph_Driver\stm32f4xx_hash.o
LOAD obj\STM32F4xx_StdPeriph_Driver\stm32f4xx_hash_md5.o
LOAD obj\STM32F4xx_StdPeriph_Driver\stm32f4xx_hash_sha1.o
LOAD obj\STM32F4xx_StdPeriph_Driver\stm32f4xx_i2c.o
LOAD obj\STM32F4xx_StdPeriph_Driver\stm32f4xx_iwdg.o
LOAD obj\STM32F4xx_StdPeriph_Driver\stm32f4xx_pwr.o
LOAD obj\STM32F4xx_StdPeriph_Driver\stm32f4xx_rcc.o
LOAD obj\STM32F4xx_StdPeriph_Driver\stm32f4xx_rng.o
LOAD obj\STM32F4xx_StdPeriph_Driver\stm32f4xx_rtc.o
LOAD obj\STM32F4xx_StdPeriph_Driver\stm32f4xx_sdio.o
LOAD obj\STM32F4xx_StdPeriph_Driver\stm32f4xx_spi.o
LOAD obj\STM32F4xx_StdPeriph_Driver\stm32f4xx_syscfg.o
LOAD obj\STM32F4xx_StdPeriph_Driver\stm32f4xx_tim.o
LOAD obj\STM32F4xx_StdPeriph_Driver\stm32f4xx_usart.o
LOAD obj\STM32F4xx_StdPeriph_Driver\stm32f4xx_wwdg.o
LOAD obj\USB_Host\usbh_core.o
LOAD obj\USB_Host\usbh_hcs.o
LOAD obj\USB_Host\usbh_ioreq.o
LOAD obj\USB_Host\usbh_msc_bot.o
LOAD obj\USB_Host\usbh_msc_core.o
LOAD obj\USB_Host\usbh_msc_fatfs.o
LOAD obj\USB_Host\usbh_msc_scsi.o
LOAD obj\USB_Host\usbh_stdreq.o
LOAD obj\USB_OTG\usb_core.o
LOAD obj\USB_OTG\usb_dcd.o
LOAD obj\USB_OTG\usb_dcd_int.o
LOAD obj\USB_OTG\usb_hcd.o
LOAD obj\USB_OTG\usb_hcd_int.o
LOAD obj\USB_OTG\usb_otg.o
LOAD c:/documents and settings/strocki/my documents/emide v2.20/arm/bin/../lib/gcc/arm-none-eabi/4.7.4/../../../../arm-none-eabi/lib/armv7e-m\libstdc++.a
LOAD c:/documents and settings/strocki/my documents/emide v2.20/arm/bin/../lib/gcc/arm-none-eabi/4.7.4/../../../../arm-none-eabi/lib/armv7e-m\libm.a
START GROUP
LOAD c:/documents and settings/strocki/my documents/emide v2.20/arm/bin/../lib/gcc/arm-none-eabi/4.7.4/armv7e-m\libgcc.a
LOAD c:/documents and settings/strocki/my documents/emide v2.20/arm/bin/../lib/gcc/arm-none-eabi/4.7.4/../../../../arm-none-eabi/lib/armv7e-m\libc.a
END GROUP
LOAD c:/documents and settings/strocki/my documents/emide v2.20/arm/bin/../lib/gcc/arm-none-eabi/4.7.4/armv7e-m/crtend.o
LOAD c:/documents and settings/strocki/my documents/emide v2.20/arm/bin/../lib/gcc/arm-none-eabi/4.7.4/armv7e-m/crtn.o
                0x20020000                _estack = 0x20020000
                0x00000200                _Min_Heap_Size = 0x200
                0x00000400                _Min_Stack_Size = 0x400

.isr_vector     0x08000000      0x1c4
                0x08000000                . = ALIGN (0x4)
 *(.isr_vector)
 .isr_vector    0x08000000      0x1c4 obj\Setup\startup_stm32f446xx.o
                0x08000000                g_pfnVectors
                0x080001c4                . = ALIGN (0x4)

.text           0x080001c4     0xd5c8
                0x080001c4                . = ALIGN (0x4)
 *(.text)
 .text          0x080001c4       0x54 c:/documents and settings/strocki/my documents/emide v2.20/arm/bin/../lib/gcc/arm-none-eabi/4.7.4/armv7e-m/crtbegin.o
 .text          0x08000218      0x72c obj\5110\5110.o
                0x08000218                LCD5110_init
                0x080002b0                LCD5110_LCD_write_byte
                0x0800032c                LCD5110_write_char
                0x08000390                LCD5110_write_char_inv
                0x080003f8                LCD5110_write_string
                0x08000428                LCD5110_clear
                0x08000470                LCD5110_set_XY
                0x080004bc                LCD5110_write_Dec
                0x080005d0                LCD5110_write_Dec2
                0x080007a4                LCD5110_GPIO_Config
                0x08000804                LCD5110_CS
                0x08000840                LCD5110_RST
                0x0800087c                LCD5110_DC
                0x080008b8                LCD5110_DIN
                0x080008f4                LCD5110_SCK
                0x08000930                LCD5110_Led
 .text          0x08000944       0xf8 obj\FATfs\ccsbcs.o
                0x08000944                ff_convert
                0x080009cc                ff_wtoupper
 .text          0x08000a3c     0x21fc obj\FATfs\ff.o
                0x08000bd0                get_fat
                0x08000de8                clust2sect
                0x080012a0                gen_numname
                0x08001eac                chk_mounted
                0x080022c4                f_mount
                0x08002328                f_open
                0x08002478                f_read
                0x08002728                f_close
                0x08002760                f_lseek
                0x08002988                f_opendir
                0x08002a74                f_readdir
                0x08002b20                f_stat
                0x08002ba8                f_gets
 .text          0x08002c38      0x6dc obj\Src\Audio.o
                0x08002d08                InitializeAudio
                0x08002f00                AudioOn
                0x08002f18                AudioOff
                0x08002f30                SetAudioVolume
                0x08002f44                PlayAudioWithCallback
                0x08002fe4                StopAudio
                0x08003020                ProvideAudioBuffer
                0x0800304c                ProvideAudioBufferWithoutBlocking
                0x080032d4                DMA1_Stream7_IRQHandler
 .text          0x08003314       0xf0 obj\Src\config_io.o
                0x08003314                InitializeIOs
 .text          0x08003404      0x3b4 obj\Src\main.o
                0x080034c4                main
                0x08003654                TimingDelay_Decrement
                0x08003744                Delay
                0x08003774                TIM3_przerwanie
 .text          0x080037b8       0xa8 obj\Src\stm32f4xx_it.o
                0x080037b8                NMI_Handler
                0x080037c4                HardFault_Handler
                0x080037cc                MemManage_Handler
                0x080037d4                BusFault_Handler
                0x080037dc                UsageFault_Handler
                0x080037e4                SVC_Handler
                0x080037f0                DebugMon_Handler
                0x080037fc                PendSV_Handler
                0x08003808                SysTick_Handler
                0x08003814                EXTI1_IRQHandler
                0x08003824                EXTI0_IRQHandler
                0x08003834                TIM2_IRQHandler
                0x08003840                OTG_FS_IRQHandler
                0x08003854                TIM3_IRQHandler
 .text          0x08003860      0x38c obj\Src\system_stm32f4xx.o
                0x08003860                SystemInit
                0x080038f4                SystemCoreClockUpdate
 .text          0x08003bec      0x3ac obj\Src\usb_bsp.o
                0x08003bec                BSP_Init
                0x08003bf8                USB_OTG_BSP_Init
                0x08003cdc                USB_OTG_BSP_EnableInterrupt
                0x08003d38                USB_OTG_BSP_DriveVBUS
                0x08003d74                USB_OTG_BSP_ConfigVBUS
                0x08003e28                USB_OTG_BSP_uDelay
                0x08003e44                USB_OTG_BSP_mDelay
                0x08003e60                USB_OTG_BSP_TimerIRQ
 .text          0x08003f98      0x240 obj\Src\usbh_usr.o
                0x08003f98                USBH_USR_Init
                0x08003fb0                USBH_USR_DeviceAttached
                0x08003fc8                USBH_USR_UnrecoveredError
                0x08003fe0                USBH_USR_DeviceDisconnected
                0x08004008                USBH_USR_ResetDevice
                0x08004020                USBH_USR_DeviceSpeedDetected
                0x08004044                USBH_USR_Device_DescAvailable
                0x08004064                USBH_USR_DeviceAddressAssigned
                0x0800407c                USBH_USR_Configuration_DescAvailable
                0x080040a0                USBH_USR_Manufacturer_String
                0x080040c0                USBH_USR_Product_String
                0x080040e0                USBH_USR_SerialNum_String
                0x08004100                USBH_USR_EnumerationDone
                0x08004120                USBH_USR_DeviceNotSupported
                0x08004138                USBH_USR_UserInput
                0x08004158                USBH_USR_OverCurrentDetected
                0x08004170                USBH_USR_MSC_Application
                0x080041c0                USBH_USR_DeInit
 .text          0x080041d8      0x1d8 obj\STM32F4xx_StdPeriph_Driver\misc.o
                0x080041d8                NVIC_PriorityGroupConfig
                0x08004200                NVIC_Init
                0x080042e4                NVIC_SetVectorTable
                0x08004310                NVIC_SystemLPConfig
                0x08004364                SysTick_CLKSourceConfig
 .text          0x080043b0      0x2c0 obj\STM32F4xx_StdPeriph_Driver\stm32f4xx_exti.o
                0x080043b0                EXTI_DeInit
                0x08004404                EXTI_Init
                0x0800453c                EXTI_StructInit
                0x08004570                EXTI_GenerateSWInterrupt
                0x0800459c                EXTI_GetFlagStatus
                0x080045d8                EXTI_ClearFlag
                0x080045f8                EXTI_GetITStatus
                0x08004650                EXTI_ClearITPendingBit
 .text          0x08004670      0x53c obj\STM32F4xx_StdPeriph_Driver\stm32f4xx_gpio.o
                0x08004670                GPIO_DeInit
                0x080047e8                GPIO_Init
                0x0800492c                GPIO_StructInit
                0x08004968                GPIO_PinLockConfig
                0x080049ac                GPIO_ReadInputDataBit
                0x080049e8                GPIO_ReadInputData
                0x08004a04                GPIO_ReadOutputDataBit
                0x08004a40                GPIO_ReadOutputData
                0x08004a5c                GPIO_SetBits
                0x08004a78                GPIO_ResetBits
                0x08004a94                GPIO_WriteBit
                0x08004ac4                GPIO_Write
                0x08004ae0                GPIO_ToggleBits
                0x08004b04                GPIO_PinAFConfig
 .text          0x08004bac      0xd8c obj\STM32F4xx_StdPeriph_Driver\stm32f4xx_rcc.o
                0x08004bac                RCC_DeInit
                0x08004c30                RCC_HSEConfig
                0x08004c60                RCC_WaitForHSEStartUp
                0x08004cc4                RCC_AdjustHSICalibrationValue
                0x08004d0c                RCC_HSICmd
                0x08004d2c                RCC_LSEConfig
                0x08004d8c                RCC_LSICmd
                0x08004dac                RCC_PLLConfig
                0x08004df4                RCC_PLLCmd
                0x08004e14                RCC_PLLI2SConfig
                0x08004e44                RCC_PLLI2SCmd
                0x08004e64                RCC_ClockSecuritySystemCmd
                0x08004e84                RCC_MCO1Config
                0x08004ecc                RCC_MCO2Config
                0x08004f14                RCC_SYSCLKConfig
                0x08004f54                RCC_GetSYSCLKSource
                0x08004f74                RCC_HCLKConfig
                0x08004fb4                RCC_PCLK1Config
                0x08004ff4                RCC_PCLK2Config
                0x08005038                RCC_GetClocksFreq
                0x08005204                RCC_RTCCLKConfig
                0x08005278                RCC_RTCCLKCmd
                0x08005298                RCC_BackupResetCmd
                0x080052b8                RCC_I2SCLKConfig
                0x080052d8                RCC_AHB1PeriphClockCmd
                0x0800532c                RCC_AHB2PeriphClockCmd
                0x08005380                RCC_AHB3PeriphClockCmd
                0x080053d4                RCC_APB1PeriphClockCmd
                0x08005428                RCC_APB2PeriphClockCmd
                0x0800547c                RCC_AHB1PeriphResetCmd
                0x080054d0                RCC_AHB2PeriphResetCmd
                0x08005524                RCC_AHB3PeriphResetCmd
                0x08005578                RCC_APB1PeriphResetCmd
                0x080055cc                RCC_APB2PeriphResetCmd
                0x08005620                RCC_AHB1PeriphClockLPModeCmd
                0x08005674                RCC_AHB2PeriphClockLPModeCmd
                0x080056c8                RCC_AHB3PeriphClockLPModeCmd
                0x0800571c                RCC_APB1PeriphClockLPModeCmd
                0x08005770                RCC_APB2PeriphClockLPModeCmd
                0x080057c4                RCC_ITConfig
                0x08005824                RCC_GetFlagStatus
                0x080058b4                RCC_ClearFlag
                0x080058d8                RCC_GetITStatus
                0x08005918                RCC_ClearITPendingBit
 .text          0x08005938     0x1d74 obj\STM32F4xx_StdPeriph_Driver\stm32f4xx_tim.o
                0x08005938                TIM_DeInit
                0x08005b70                TIM_TimeBaseInit
                0x08005c64                TIM_TimeBaseStructInit
                0x08005ca0                TIM_PrescalerConfig
                0x08005cc8                TIM_CounterModeConfig
                0x08005d00                TIM_SetCounter
                0x08005d1c                TIM_SetAutoreload
                0x08005d38                TIM_GetCounter
                0x08005d50                TIM_GetPrescaler
                0x08005d6c                TIM_UpdateDisableConfig
                0x08005dac                TIM_UpdateRequestConfig
                0x08005dec                TIM_ARRPreloadConfig
                0x08005e2c                TIM_SelectOnePulseMode
                0x08005e64                TIM_SetClockDivision
                0x08005e9c                TIM_Cmd
                0x08005edc                TIM_OC1Init
                0x08005fd8                TIM_OC2Init
                0x08006100                TIM_OC3Init
                0x08006220                TIM_OC4Init
                0x08006300                TIM_OCStructInit
                0x08006354                TIM_SelectOCxM
                0x08006414                TIM_SetCompare1
                0x08006430                TIM_SetCompare2
                0x0800644c                TIM_SetCompare3
                0x08006468                TIM_SetCompare4
                0x08006484                TIM_ForcedOC1Config
                0x080064bc                TIM_ForcedOC2Config
                0x080064fc                TIM_ForcedOC3Config
                0x08006534                TIM_ForcedOC4Config
                0x08006574                TIM_OC1PreloadConfig
                0x080065ac                TIM_OC2PreloadConfig
                0x080065ec                TIM_OC3PreloadConfig
                0x08006624                TIM_OC4PreloadConfig
                0x08006664                TIM_OC1FastConfig
                0x0800669c                TIM_OC2FastConfig
                0x080066dc                TIM_OC3FastConfig
                0x08006714                TIM_OC4FastConfig
                0x08006754                TIM_ClearOC1Ref
                0x0800678c                TIM_ClearOC2Ref
                0x080067d0                TIM_ClearOC3Ref
                0x08006808                TIM_ClearOC4Ref
                0x0800684c                TIM_OC1PolarityConfig
                0x08006884                TIM_OC1NPolarityConfig
                0x080068bc                TIM_OC2PolarityConfig
                0x080068fc                TIM_OC2NPolarityConfig
                0x0800693c                TIM_OC3PolarityConfig
                0x0800697c                TIM_OC3NPolarityConfig
                0x080069bc                TIM_OC4PolarityConfig
                0x080069fc                TIM_CCxCmd
                0x08006a58                TIM_CCxNCmd
                0x08006ab4                TIM_ICInit
                0x08006b5c                TIM_ICStructInit
                0x08006b98                TIM_PWMIConfig
                0x08006c5c                TIM_GetCapture1
                0x08006c74                TIM_GetCapture2
                0x08006c8c                TIM_GetCapture3
                0x08006ca4                TIM_GetCapture4
                0x08006cbc                TIM_SetIC1Prescaler
                0x08006cf4                TIM_SetIC2Prescaler
                0x08006d30                TIM_SetIC3Prescaler
                0x08006d68                TIM_SetIC4Prescaler
                0x08006da4                TIM_BDTRConfig
                0x08006df4                TIM_BDTRStructInit
                0x08006e40                TIM_CtrlPWMOutputs
                0x08006e90                TIM_SelectCOM
                0x08006ed0                TIM_CCPreloadControl
                0x08006f10                TIM_ITConfig
                0x08006f58                TIM_GenerateEvent
                0x08006f74                TIM_GetFlagStatus
                0x08006fb4                TIM_ClearFlag
                0x08006fd8                TIM_GetITStatus
                0x08007038                TIM_ClearITPendingBit
                0x0800705c                TIM_DMAConfig
                0x08007084                TIM_DMACmd
                0x080070cc                TIM_SelectCCDMA
                0x0800710c                TIM_InternalClockConfig
                0x08007130                TIM_ITRxExternalClockConfig
                0x08007160                TIM_TIxExternalClockConfig
                0x080071b8                TIM_ETRClockMode1Config
                0x0800720c                TIM_ETRClockMode2Config
                0x08007240                TIM_SelectInputTrigger
                0x08007278                TIM_SelectOutputTrigger
                0x080072b0                TIM_SelectSlaveMode
                0x080072e8                TIM_SelectMasterSlaveMode
                0x08007320                TIM_ETRConfig
                0x0800736c                TIM_EncoderInterfaceConfig
                0x08007400                TIM_SelectHallSensor
                0x08007440                TIM_RemapConfig
 .text          0x080076ac      0xb0c obj\USB_Host\usbh_core.o
                0x080076ac                USBH_Connect
                0x080076dc                USBH_Disconnect
                0x0800770c                USBH_Init
                0x08007780                USBH_DeInit
                0x080077f4                USBH_Process
                0x08007a88                USBH_ErrorHandle
                0x08007e0c                USBH_HandleControl
 .text          0x080081b8      0x2d4 obj\USB_Host\usbh_hcs.o
                0x080081b8                USBH_Open_Channel
                0x080082c0                USBH_Modify_Channel
                0x0800835c                USBH_Alloc_Channel
                0x080083a8                USBH_Free_Channel
                0x080083f4                USBH_DeAllocate_AllChannel
 .text          0x0800848c      0x598 obj\USB_Host\usbh_ioreq.o
                0x0800848c                USBH_CtlReq
                0x08008534                USBH_CtlSendSetup
                0x080085b0                USBH_CtlSendData
                0x08008674                USBH_CtlReceiveData
                0x080086f0                USBH_BulkSendData
                0x08008798                USBH_BulkReceiveData
                0x08008840                USBH_InterruptReceiveData
                0x08008910                USBH_InterruptSendData
 .text          0x08008a24      0x7d0 obj\USB_Host\usbh_msc_bot.o
                0x08008a24                USBH_MSC_Init
                0x08008a9c                USBH_MSC_HandleBOTXfer
                0x08009080                USBH_MSC_BOT_Abort
                0x08009120                USBH_MSC_DecodeCSW
 .text          0x080091f4      0x658 obj\USB_Host\usbh_msc_core.o
                0x080097c8                USBH_MSC_ErrorHandle
 .text          0x0800984c      0x2bc obj\USB_Host\usbh_msc_fatfs.o
                0x0800984c                disk_initialize
                0x0800989c                disk_status
                0x080098cc                disk_read
                0x08009988                disk_write
                0x08009a5c                disk_ioctl
 .text          0x08009b08      0xa9c obj\USB_Host\usbh_msc_scsi.o
                0x08009b08                USBH_MSC_TestUnitReady
                0x08009c84                USBH_MSC_ReadCapacity10
                0x08009e60                USBH_MSC_ModeSense6
                0x0800a018                USBH_MSC_RequestSense
                0x0800a1fc                USBH_MSC_Write10
                0x0800a3b0                USBH_MSC_Read10
 .text          0x0800a5a4      0x654 obj\USB_Host\usbh_stdreq.o
                0x0800a5a4                USBH_Get_DevDesc
                0x0800a600                USBH_Get_CfgDesc
                0x0800a660                USBH_Get_StringDesc
                0x0800a6bc                USBH_GetDescriptor
                0x0800a720                USBH_SetAddress
                0x0800a774                USBH_SetCfg
                0x0800a7c4                USBH_ClrFeature
 .text          0x0800abf8     0x12e4 obj\USB_OTG\usb_core.o
                0x0800ace4                USB_OTG_WritePacket
                0x0800ad68                USB_OTG_ReadPacket
                0x0800add0                USB_OTG_SelectCore
                0x0800af84                USB_OTG_CoreInit
                0x0800b17c                USB_OTG_EnableGlobalInt
                0x0800b1b8                USB_OTG_DisableGlobalInt
                0x0800b1f8                USB_OTG_FlushTxFifo
                0x0800b278                USB_OTG_FlushRxFifo
                0x0800b2e4                USB_OTG_SetCurrentMode
                0x0800b348                USB_OTG_GetMode
                0x0800b368                USB_OTG_IsDeviceMode
                0x0800b38c                USB_OTG_IsHostMode
                0x0800b3b0                USB_OTG_ReadCoreItr
                0x0800b3e0                USB_OTG_ReadOtgItr
                0x0800b3fc                USB_OTG_CoreInitHost
                0x0800b520                USB_OTG_IsEvenFrame
                0x0800b548                USB_OTG_DriveVbus
                0x0800b5c8                USB_OTG_EnableHostInt
                0x0800b654                USB_OTG_InitFSLSPClkSel
                0x0800b68c                USB_OTG_ReadHPRT0
                0x0800b6cc                USB_OTG_ReadHostAllChannels_intr
                0x0800b6e8                USB_OTG_ResetPort
                0x0800b73c                USB_OTG_HC_Init
                0x0800ba10                USB_OTG_HC_StartXfer
                0x0800bd18                USB_OTG_HC_Halt
                0x0800bdc4                USB_OTG_HC_DoPing
                0x0800be4c                USB_OTG_StopHost
 .text          0x0800bedc      0x200 obj\USB_OTG\usb_hcd.o
                0x0800bedc                HCD_Init
                0x0800bf84                HCD_GetCurrentSpeed
                0x0800bfac                HCD_ResetPort
                0x0800bfc8                HCD_IsDeviceConnected
                0x0800bfe4                HCD_GetCurrentFrame
                0x0800c008                HCD_GetURB_State
                0x0800c02c                HCD_GetXferCnt
                0x0800c050                HCD_GetHCState
                0x0800c074                HCD_HC_Init
                0x0800c098                HCD_SubmitRequest
 .text          0x0800c0dc     0x148c obj\USB_OTG\usb_hcd_int.o
                0x0800c0dc                USBH_OTG_ISR_Handler
 *(.text*)
 .text.Reset_Handler
                0x0800d568       0x58 obj\Setup\startup_stm32f446xx.o
                0x0800d568                Reset_Handler
 .text.Default_Handler
                0x0800d5c0        0x4 obj\Setup\startup_stm32f446xx.o
                0x0800d5c0                RTC_Alarm_IRQHandler
                0x0800d5c0                EXTI2_IRQHandler
                0x0800d5c0                TIM8_CC_IRQHandler
                0x0800d5c0                SPI4_IRQHandler
                0x0800d5c0                TIM1_CC_IRQHandler
                0x0800d5c0                DMA2_Stream5_IRQHandler
                0x0800d5c0                DMA1_Stream5_IRQHandler
                0x0800d5c0                PVD_IRQHandler
                0x0800d5c0                SDIO_IRQHandler
                0x0800d5c0                TAMP_STAMP_IRQHandler
                0x0800d5c0                CAN2_RX1_IRQHandler
                0x0800d5c0                EXTI3_IRQHandler
                0x0800d5c0                TIM8_TRG_COM_TIM14_IRQHandler
                0x0800d5c0                TIM1_UP_TIM10_IRQHandler
                0x0800d5c0                TIM8_UP_TIM13_IRQHandler
                0x0800d5c0                I2C3_ER_IRQHandler
                0x0800d5c0                FMPI2C1_Event_IRQHandler
                0x0800d5c0                I2C2_EV_IRQHandler
                0x0800d5c0                DMA1_Stream2_IRQHandler
                0x0800d5c0                CAN1_RX0_IRQHandler
                0x0800d5c0                FPU_IRQHandler
                0x0800d5c0                OTG_HS_WKUP_IRQHandler
                0x0800d5c0                CAN2_SCE_IRQHandler
                0x0800d5c0                DMA2_Stream2_IRQHandler
                0x0800d5c0                SPI1_IRQHandler
                0x0800d5c0                TIM6_DAC_IRQHandler
                0x0800d5c0                TIM1_BRK_TIM9_IRQHandler
                0x0800d5c0                DCMI_IRQHandler
                0x0800d5c0                CAN2_RX0_IRQHandler
                0x0800d5c0                DMA2_Stream3_IRQHandler
                0x0800d5c0                SAI2_IRQHandler
                0x0800d5c0                USART6_IRQHandler
                0x0800d5c0                USART3_IRQHandler
                0x0800d5c0                CAN1_RX1_IRQHandler
                0x0800d5c0                UART5_IRQHandler
                0x0800d5c0                DMA2_Stream0_IRQHandler
                0x0800d5c0                TIM4_IRQHandler
                0x0800d5c0                QUADSPI_IRQHandler
                0x0800d5c0                I2C1_EV_IRQHandler
                0x0800d5c0                DMA1_Stream6_IRQHandler
                0x0800d5c0                DMA1_Stream1_IRQHandler
                0x0800d5c0                UART4_IRQHandler
                0x0800d5c0                RCC_IRQHandler
                0x0800d5c0                TIM8_BRK_TIM12_IRQHandler
                0x0800d5c0                Default_Handler
                0x0800d5c0                CEC_IRQHandler
                0x0800d5c0                EXTI15_10_IRQHandler
                0x0800d5c0                ADC_IRQHandler
                0x0800d5c0                TIM7_IRQHandler
                0x0800d5c0                CAN2_TX_IRQHandler
                0x0800d5c0                TIM5_IRQHandler
                0x0800d5c0                DMA2_Stream7_IRQHandler
                0x0800d5c0                I2C3_EV_IRQHandler
                0x0800d5c0                EXTI9_5_IRQHandler
                0x0800d5c0                RTC_WKUP_IRQHandler
                0x0800d5c0                SPDIF_RX_IRQHandler
                0x0800d5c0                SPI2_IRQHandler
                0x0800d5c0                OTG_HS_EP1_IN_IRQHandler
                0x0800d5c0                DMA1_Stream0_IRQHandler
                0x0800d5c0                CAN1_TX_IRQHandler
                0x0800d5c0                EXTI4_IRQHandler
                0x0800d5c0                OTG_HS_EP1_OUT_IRQHandler
                0x0800d5c0                WWDG_IRQHandler
                0x0800d5c0                OTG_FS_WKUP_IRQHandler
                0x0800d5c0                TIM1_TRG_COM_TIM11_IRQHandler
                0x0800d5c0                OTG_HS_IRQHandler
                0x0800d5c0                USART2_IRQHandler
                0x0800d5c0                I2C2_ER_IRQHandler
                0x0800d5c0                DMA2_Stream1_IRQHandler
                0x0800d5c0                CAN1_SCE_IRQHandler
                0x0800d5c0                FLASH_IRQHandler
                0x0800d5c0                DMA2_Stream4_IRQHandler
                0x0800d5c0                USART1_IRQHandler
                0x0800d5c0                SPI3_IRQHandler
                0x0800d5c0                DMA1_Stream4_IRQHandler
                0x0800d5c0                I2C1_ER_IRQHandler
                0x0800d5c0                FMC_IRQHandler
                0x0800d5c0                DMA2_Stream6_IRQHandler
                0x0800d5c0                SAI1_IRQHandler
                0x0800d5c0                DMA1_Stream3_IRQHandler
                0x0800d5c0                FMPI2C1_Error_IRQHandler
 .text.__register_exitproc
                0x0800d5c4       0xac c:/documents and settings/strocki/my documents/emide v2.20/arm/bin/../lib/gcc/arm-none-eabi/4.7.4/../../../../arm-none-eabi/lib/armv7e-m\libc.a(lib_a-__atexit.o)
                0x0800d5c4                __register_exitproc
 .text.__libc_fini_array
                0x0800d670       0x50 c:/documents and settings/strocki/my documents/emide v2.20/arm/bin/../lib/gcc/arm-none-eabi/4.7.4/../../../../arm-none-eabi/lib/armv7e-m\libc.a(lib_a-fini.o)
                0x0800d670                __libc_fini_array
 .text.__libc_init_array
                0x0800d6c0       0x94 c:/documents and settings/strocki/my documents/emide v2.20/arm/bin/../lib/gcc/arm-none-eabi/4.7.4/../../../../arm-none-eabi/lib/armv7e-m\libc.a(lib_a-init.o)
                0x0800d6c0                __libc_init_array
 .text.startup.register_fini
                0x0800d754       0x14 c:/documents and settings/strocki/my documents/emide v2.20/arm/bin/../lib/gcc/arm-none-eabi/4.7.4/../../../../arm-none-eabi/lib/armv7e-m\libc.a(lib_a-__call_atexit.o)
 .text.atexit   0x0800d768        0xc c:/documents and settings/strocki/my documents/emide v2.20/arm/bin/../lib/gcc/arm-none-eabi/4.7.4/../../../../arm-none-eabi/lib/armv7e-m\libc.a(lib_a-atexit.o)
                0x0800d768                atexit
 *(.glue_7)
 .glue_7        0x00000000        0x0 linker stubs
 *(.glue_7t)
 .glue_7t       0x00000000        0x0 linker stubs
 *(.eh_frame)
 .eh_frame      0x0800d774        0x0 c:/documents and settings/strocki/my documents/emide v2.20/arm/bin/../lib/gcc/arm-none-eabi/4.7.4/armv7e-m/crtbegin.o
 *(.init)
 .init          0x0800d774        0x4 c:/documents and settings/strocki/my documents/emide v2.20/arm/bin/../lib/gcc/arm-none-eabi/4.7.4/armv7e-m/crti.o
                0x0800d774                _init
 .init          0x0800d778        0x8 c:/documents and settings/strocki/my documents/emide v2.20/arm/bin/../lib/gcc/arm-none-eabi/4.7.4/armv7e-m/crtn.o
 *(.fini)
 .fini          0x0800d780        0x4 c:/documents and settings/strocki/my documents/emide v2.20/arm/bin/../lib/gcc/arm-none-eabi/4.7.4/armv7e-m/crti.o
                0x0800d780                _fini
 .fini          0x0800d784        0x8 c:/documents and settings/strocki/my documents/emide v2.20/arm/bin/../lib/gcc/arm-none-eabi/4.7.4/armv7e-m/crtn.o
                0x0800d78c                . = ALIGN (0x4)
                0x0800d78c                _etext = .

.vfp11_veneer   0x0800d78c        0x0
 .vfp11_veneer  0x00000000        0x0 linker stubs

.v4_bx          0x0800d78c        0x0
 .v4_bx         0x00000000        0x0 linker stubs

.iplt           0x0800d78c        0x0
 .iplt          0x00000000        0x0 c:/documents and settings/strocki/my documents/emide v2.20/arm/bin/../lib/gcc/arm-none-eabi/4.7.4/armv7e-m/crtbegin.o

.rodata         0x0800d78c      0x5a0
                0x0800d78c                . = ALIGN (0x4)
 *(.rodata)
 .rodata        0x0800d78c      0x4c0 obj\FATfs\ccsbcs.o
 .rodata        0x0800dc4c       0xa4 obj\FATfs\ff.o
 .rodata        0x0800dcf0       0x30 obj\Src\main.o
 .rodata        0x0800dd20        0x4 obj\USB_Host\usbh_core.o
 *(.rodata*)
 .rodata.str1.4
                0x0800dd24        0x4 c:/documents and settings/strocki/my documents/emide v2.20/arm/bin/../lib/gcc/arm-none-eabi/4.7.4/../../../../arm-none-eabi/lib/armv7e-m\libc.a(lib_a-impure.o)
 .rodata._global_impure_ptr
                0x0800dd28        0x4 c:/documents and settings/strocki/my documents/emide v2.20/arm/bin/../lib/gcc/arm-none-eabi/4.7.4/../../../../arm-none-eabi/lib/armv7e-m\libc.a(lib_a-impure.o)
                0x0800dd28                _global_impure_ptr
                0x0800dd2c                . = ALIGN (0x4)

.rel.dyn        0x0800dd2c        0x0
 .rel.iplt      0x00000000        0x0 c:/documents and settings/strocki/my documents/emide v2.20/arm/bin/../lib/gcc/arm-none-eabi/4.7.4/armv7e-m/crtbegin.o

.ARM.extab
 *(.ARM.extab* .gnu.linkonce.armextab.*)

.ARM            0x0800dd2c        0x0
                0x0800dd2c                __exidx_start = .
 *(.ARM.exidx*)
                0x0800dd2c                __exidx_end = .

.preinit_array  0x0800dd2c        0x0
                0x0800dd2c                PROVIDE (__preinit_array_start, .)
 *(.preinit_array*)
                0x0800dd2c                PROVIDE (__preinit_array_end, .)

.init_array     0x0800dd2c        0x8
                0x0800dd2c                PROVIDE (__init_array_start, .)
 *(SORT(.init_array.*))
 .init_array.00000
                0x0800dd2c        0x4 c:/documents and settings/strocki/my documents/emide v2.20/arm/bin/../lib/gcc/arm-none-eabi/4.7.4/../../../../arm-none-eabi/lib/armv7e-m\libc.a(lib_a-__call_atexit.o)
 *(.init_array*)
 .init_array    0x0800dd30        0x4 c:/documents and settings/strocki/my documents/emide v2.20/arm/bin/../lib/gcc/arm-none-eabi/4.7.4/armv7e-m/crtbegin.o
                0x0800dd34                PROVIDE (__init_array_end, .)

.fini_array     0x0800dd34        0x4
                0x0800dd34                PROVIDE (__fini_array_start, .)
 *(SORT(.fini_array.*))
 *(.fini_array*)
 .fini_array    0x0800dd34        0x4 c:/documents and settings/strocki/my documents/emide v2.20/arm/bin/../lib/gcc/arm-none-eabi/4.7.4/armv7e-m/crtbegin.o
                0x0800dd38                PROVIDE (__fini_array_end, .)
                0x0800dd38                _sidata = LOADADDR (.data)

.data           0x20000000      0x6e0 load address 0x0800dd38
                0x20000000                . = ALIGN (0x4)
                0x20000000                _sdata = .
 *(.data)
 .data          0x20000000      0x228 obj\5110\5110.o
                0x20000000                font6_8
 .data          0x20000228       0x14 obj\Src\system_stm32f4xx.o
                0x20000228                SystemCoreClock
                0x2000022c                AHBPrescTable
 .data          0x2000023c       0x48 obj\Src\usbh_usr.o
                0x2000023c                USR_Callbacks
 .data          0x20000284       0x10 obj\STM32F4xx_StdPeriph_Driver\stm32f4xx_rcc.o
 .data          0x20000294        0xc obj\USB_Host\usbh_core.o
                0x20000294                USBH_DeviceConnStatus_cb
 .data          0x200002a0       0x10 obj\USB_Host\usbh_msc_core.o
                0x200002a0                USBH_MSC_cb
 .data          0x200002b0        0x1 obj\USB_Host\usbh_msc_fatfs.o
 .data          0x200002b1        0x1 obj\USB_Host\usbh_msc_scsi.o
 *(.data*)
 *fill*         0x200002b2        0x6 00
 .data.impure_data
                0x200002b8      0x428 c:/documents and settings/strocki/my documents/emide v2.20/arm/bin/../lib/gcc/arm-none-eabi/4.7.4/../../../../arm-none-eabi/lib/armv7e-m\libc.a(lib_a-impure.o)
                0x200006e0                . = ALIGN (0x4)
                0x200006e0                _edata = .

.jcr            0x200006e0        0x0 load address 0x0800e418
 .jcr           0x200006e0        0x0 c:/documents and settings/strocki/my documents/emide v2.20/arm/bin/../lib/gcc/arm-none-eabi/4.7.4/armv7e-m/crtbegin.o

.igot.plt       0x200006e0        0x0 load address 0x0800e418
 .igot.plt      0x00000000        0x0 c:/documents and settings/strocki/my documents/emide v2.20/arm/bin/../lib/gcc/arm-none-eabi/4.7.4/armv7e-m/crtbegin.o
                0x200006e0                . = ALIGN (0x4)

.bss            0x200006e0     0x14f0 load address 0x0800e418
                0x200006e0                _sbss = .
                0x200006e0                __bss_start__ = _sbss
 *(.bss)
 .bss           0x200006e0       0x1c c:/documents and settings/strocki/my documents/emide v2.20/arm/bin/../lib/gcc/arm-none-eabi/4.7.4/armv7e-m/crtbegin.o
 .bss           0x200006fc      0x208 obj\FATfs\ff.o
 .bss           0x20000904       0x18 obj\Src\Audio.o
 .bss           0x2000091c       0x10 obj\Src\main.o
                0x2000091c                enum_done
                0x20000920                usb_stan
                0x20000924                LCD5110_block_int
 .bss           0x2000092c        0x4 obj\Src\usb_bsp.o
                0x2000092c                BSP_delay
 .bss           0x20000930        0x2 obj\USB_Host\usbh_core.o
 *fill*         0x20000932        0x2 00
 .bss           0x20000934       0x10 obj\USB_Host\usbh_msc_bot.o
 .bss           0x20000944        0x2 obj\USB_Host\usbh_msc_core.o
                0x20000944                MSCErrorCount
 *(.bss*)
 *(COMMON)
 *fill*         0x20000946        0x2 00
 COMMON         0x20000948      0x560 obj\Src\main.o
                0x20000948                time_var4
                0x2000094c                time_var1
                0x20000950                time_var2
                0x20000954                USB_OTG_Core
                0x20000e04                petla_main_licznik
                0x20000e08                time_var3
                0x20000e0c                RCC_Clocks
                0x20000e1c                tim3_licznik_pomoc
                0x20000e20                USB_Host
                0x20000ea4                tim3_licznik
 COMMON         0x20000ea8      0x884 obj\Src\usbh_usr.o
                0x20000ea8                fileR
                0x200012c4                fno
                0x200012e4                dir
                0x20001308                fatfs
 COMMON         0x2000172c       0x40 obj\USB_Host\usbh_msc_bot.o
                0x2000172c                USBH_MSC_CSWData
                0x2000173c                USBH_MSC_BOTXferParam
                0x2000174c                USBH_MSC_CBWData
 COMMON         0x2000176c       0x54 obj\USB_Host\usbh_msc_core.o
                0x2000176c                MSC_Machine
                0x200017b8                MSC_Setup
 COMMON         0x200017c0      0x410 obj\USB_Host\usbh_msc_scsi.o
                0x200017c0                USBH_DataInBuffer
                0x200019c0                USBH_MSC_Param
                0x200019d0                USBH_DataOutBuffer
                0x20001bd0                . = ALIGN (0x4)
                0x20001bd0                _ebss = .
                0x20001bd0                __bss_end__ = _ebss

._user_heap_stack
                0x20001bd0      0x600 load address 0x0800e418
                0x20001bd0                . = ALIGN (0x8)
                0x20001bd0                PROVIDE (end, .)
                0x20001bd0                PROVIDE (_end, .)
                0x20001dd0                . = (. + _Min_Heap_Size)
 *fill*         0x20001bd0      0x200 00
                0x200021d0                . = (. + _Min_Stack_Size)
 *fill*         0x20001dd0      0x400 00
                0x200021d0                . = ALIGN (0x8)

/DISCARD/
 libc.a(*)
 libm.a(*)
 libgcc.a(*)

.ARM.attributes
                0x00000000       0x2a
 *(.ARM.attributes)
 .ARM.attributes
                0x00000000       0x1e c:/documents and settings/strocki/my documents/emide v2.20/arm/bin/../lib/gcc/arm-none-eabi/4.7.4/armv7e-m/crti.o
 .ARM.attributes
                0x0000001e       0x2e c:/documents and settings/strocki/my documents/emide v2.20/arm/bin/../lib/gcc/arm-none-eabi/4.7.4/armv7e-m/crtbegin.o
 .ARM.attributes
                0x0000004c       0x33 obj\5110\5110.o
 .ARM.attributes
                0x0000007f       0x33 obj\FATfs\ccsbcs.o
 .ARM.attributes
                0x000000b2       0x33 obj\FATfs\ff.o
 .ARM.attributes
                0x000000e5       0x21 obj\Setup\startup_stm32f446xx.o
 .ARM.attributes
                0x00000106       0x33 obj\Src\Audio.o
 .ARM.attributes
                0x00000139       0x33 obj\Src\config_io.o
 .ARM.attributes
                0x0000016c       0x33 obj\Src\main.o
 .ARM.attributes
                0x0000019f       0x33 obj\Src\stm32f4xx_it.o
 .ARM.attributes
                0x000001d2       0x33 obj\Src\system_stm32f4xx.o
 .ARM.attributes
                0x00000205       0x33 obj\Src\usb_bsp.o
 .ARM.attributes
                0x00000238       0x33 obj\Src\usbh_usr.o
 .ARM.attributes
                0x0000026b       0x33 obj\STM32F4xx_StdPeriph_Driver\misc.o
 .ARM.attributes
                0x0000029e       0x33 obj\STM32F4xx_StdPeriph_Driver\stm32f4xx_exti.o
 .ARM.attributes
                0x000002d1       0x33 obj\STM32F4xx_StdPeriph_Driver\stm32f4xx_gpio.o
 .ARM.attributes
                0x00000304       0x33 obj\STM32F4xx_StdPeriph_Driver\stm32f4xx_rcc.o
 .ARM.attributes
                0x00000337       0x33 obj\STM32F4xx_StdPeriph_Driver\stm32f4xx_tim.o
 .ARM.attributes
                0x0000036a       0x33 obj\USB_Host\usbh_core.o
 .ARM.attributes
                0x0000039d       0x33 obj\USB_Host\usbh_hcs.o
 .ARM.attributes
                0x000003d0       0x33 obj\USB_Host\usbh_ioreq.o
 .ARM.attributes
                0x00000403       0x33 obj\USB_Host\usbh_msc_bot.o
 .ARM.attributes
                0x00000436       0x33 obj\USB_Host\usbh_msc_core.o
 .ARM.attributes
                0x00000469       0x33 obj\USB_Host\usbh_msc_fatfs.o
 .ARM.attributes
                0x0000049c       0x33 obj\USB_Host\usbh_msc_scsi.o
 .ARM.attributes
                0x000004cf       0x33 obj\USB_Host\usbh_stdreq.o
 .ARM.attributes
                0x00000502       0x33 obj\USB_OTG\usb_core.o
 .ARM.attributes
                0x00000535       0x33 obj\USB_OTG\usb_hcd.o
 .ARM.attributes
                0x00000568       0x33 obj\USB_OTG\usb_hcd_int.o
 .ARM.attributes
                0x0000059b       0x2e c:/documents and settings/strocki/my documents/emide v2.20/arm/bin/../lib/gcc/arm-none-eabi/4.7.4/../../../../arm-none-eabi/lib/armv7e-m\libc.a(lib_a-__atexit.o)
 .ARM.attributes
                0x000005c9       0x2e c:/documents and settings/strocki/my documents/emide v2.20/arm/bin/../lib/gcc/arm-none-eabi/4.7.4/../../../../arm-none-eabi/lib/armv7e-m\libc.a(lib_a-fini.o)
 .ARM.attributes
                0x000005f7       0x2e c:/documents and settings/strocki/my documents/emide v2.20/arm/bin/../lib/gcc/arm-none-eabi/4.7.4/../../../../arm-none-eabi/lib/armv7e-m\libc.a(lib_a-impure.o)
 .ARM.attributes
                0x00000625       0x2e c:/documents and settings/strocki/my documents/emide v2.20/arm/bin/../lib/gcc/arm-none-eabi/4.7.4/../../../../arm-none-eabi/lib/armv7e-m\libc.a(lib_a-init.o)
 .ARM.attributes
                0x00000653       0x2e c:/documents and settings/strocki/my documents/emide v2.20/arm/bin/../lib/gcc/arm-none-eabi/4.7.4/../../../../arm-none-eabi/lib/armv7e-m\libc.a(lib_a-__call_atexit.o)
 .ARM.attributes
                0x00000681       0x2e c:/documents and settings/strocki/my documents/emide v2.20/arm/bin/../lib/gcc/arm-none-eabi/4.7.4/../../../../arm-none-eabi/lib/armv7e-m\libc.a(lib_a-atexit.o)
 .ARM.attributes
                0x000006af       0x1e c:/documents and settings/strocki/my documents/emide v2.20/arm/bin/../lib/gcc/arm-none-eabi/4.7.4/armv7e-m/crtn.o
OUTPUT(.\nucleo_f446re_sst_mp3.elf elf32-littlearm)

.comment        0x00000000       0x70
 .comment       0x00000000       0x70 obj\5110\5110.o
                                 0x71 (size before relaxing)
 .comment       0x00000000       0x71 obj\FATfs\ccsbcs.o
 .comment       0x00000000       0x71 obj\FATfs\ff.o
 .comment       0x00000000       0x71 obj\Src\Audio.o
 .comment       0x00000000       0x71 obj\Src\config_io.o
 .comment       0x00000000       0x71 obj\Src\main.o
 .comment       0x00000000       0x71 obj\Src\stm32f4xx_it.o
 .comment       0x00000000       0x71 obj\Src\system_stm32f4xx.o
 .comment       0x00000000       0x71 obj\Src\usb_bsp.o
 .comment       0x00000000       0x71 obj\Src\usbh_usr.o
 .comment       0x00000000       0x71 obj\STM32F4xx_StdPeriph_Driver\misc.o
 .comment       0x00000000       0x71 obj\STM32F4xx_StdPeriph_Driver\stm32f4xx_exti.o
 .comment       0x00000000       0x71 obj\STM32F4xx_StdPeriph_Driver\stm32f4xx_gpio.o
 .comment       0x00000000       0x71 obj\STM32F4xx_StdPeriph_Driver\stm32f4xx_rcc.o
 .comment       0x00000000       0x71 obj\STM32F4xx_StdPeriph_Driver\stm32f4xx_tim.o
 .comment       0x00000000       0x71 obj\USB_Host\usbh_core.o
 .comment       0x00000000       0x71 obj\USB_Host\usbh_hcs.o
 .comment       0x00000000       0x71 obj\USB_Host\usbh_ioreq.o
 .comment       0x00000000       0x71 obj\USB_Host\usbh_msc_bot.o
 .comment       0x00000000       0x71 obj\USB_Host\usbh_msc_core.o
 .comment       0x00000000       0x71 obj\USB_Host\usbh_msc_fatfs.o
 .comment       0x00000000       0x71 obj\USB_Host\usbh_msc_scsi.o
 .comment       0x00000000       0x71 obj\USB_Host\usbh_stdreq.o
 .comment       0x00000000       0x71 obj\USB_OTG\usb_core.o
 .comment       0x00000000       0x71 obj\USB_OTG\usb_hcd.o
 .comment       0x00000000       0x71 obj\USB_OTG\usb_hcd_int.o

.debug_frame

Cross Reference Table

Symbol                                            File
ADC_AnalogWatchdogCmd                             obj\STM32F4xx_StdPeriph_Driver\stm32f4xx_adc.o
ADC_AnalogWatchdogSingleChannelConfig             obj\STM32F4xx_StdPeriph_Driver\stm32f4xx_adc.o
ADC_AnalogWatchdogThresholdsConfig                obj\STM32F4xx_StdPeriph_Driver\stm32f4xx_adc.o
ADC_AutoInjectedConvCmd                           obj\STM32F4xx_StdPeriph_Driver\stm32f4xx_adc.o
ADC_ClearFlag                                     obj\STM32F4xx_StdPeriph_Driver\stm32f4xx_adc.o
ADC_ClearITPendingBit                             obj\STM32F4xx_StdPeriph_Driver\stm32f4xx_adc.o
ADC_Cmd                                           obj\STM32F4xx_StdPeriph_Driver\stm32f4xx_adc.o
ADC_CommonInit                                    obj\STM32F4xx_StdPeriph_Driver\stm32f4xx_adc.o
ADC_CommonStructInit                              obj\STM32F4xx_StdPeriph_Driver\stm32f4xx_adc.o
ADC_ContinuousModeCmd                             obj\STM32F4xx_StdPeriph_Driver\stm32f4xx_adc.o
ADC_DMACmd                                        obj\STM32F4xx_StdPeriph_Driver\stm32f4xx_adc.o
ADC_DMARequestAfterLastTransferCmd                obj\STM32F4xx_StdPeriph_Driver\stm32f4xx_adc.o
ADC_DeInit                                        obj\STM32F4xx_StdPeriph_Driver\stm32f4xx_adc.o
ADC_DiscModeChannelCountConfig                    obj\STM32F4xx_StdPeriph_Driver\stm32f4xx_adc.o
ADC_DiscModeCmd                                   obj\STM32F4xx_StdPeriph_Driver\stm32f4xx_adc.o
ADC_EOCOnEachRegularChannelCmd                    obj\STM32F4xx_StdPeriph_Driver\stm32f4xx_adc.o
ADC_ExternalTrigInjectedConvConfig                obj\STM32F4xx_StdPeriph_Driver\stm32f4xx_adc.o
ADC_ExternalTrigInjectedConvEdgeConfig            obj\STM32F4xx_StdPeriph_Driver\stm32f4xx_adc.o
ADC_GetConversionValue                            obj\STM32F4xx_StdPeriph_Driver\stm32f4xx_adc.o
ADC_GetFlagStatus                                 obj\STM32F4xx_StdPeriph_Driver\stm32f4xx_adc.o
ADC_GetITStatus                                   obj\STM32F4xx_StdPeriph_Driver\stm32f4xx_adc.o
ADC_GetInjectedConversionValue                    obj\STM32F4xx_StdPeriph_Driver\stm32f4xx_adc.o
ADC_GetMultiModeConversionValue                   obj\STM32F4xx_StdPeriph_Driver\stm32f4xx_adc.o
ADC_GetSoftwareStartConvStatus                    obj\STM32F4xx_StdPeriph_Driver\stm32f4xx_adc.o
ADC_GetSoftwareStartInjectedConvCmdStatus         obj\STM32F4xx_StdPeriph_Driver\stm32f4xx_adc.o
ADC_IRQHandler                                    obj\Setup\startup_stm32f446xx.o
ADC_ITConfig                                      obj\STM32F4xx_StdPeriph_Driver\stm32f4xx_adc.o
ADC_Init                                          obj\STM32F4xx_StdPeriph_Driver\stm32f4xx_adc.o
ADC_InjectedChannelConfig                         obj\STM32F4xx_StdPeriph_Driver\stm32f4xx_adc.o
ADC_InjectedDiscModeCmd                           obj\STM32F4xx_StdPeriph_Driver\stm32f4xx_adc.o
ADC_InjectedSequencerLengthConfig                 obj\STM32F4xx_StdPeriph_Driver\stm32f4xx_adc.o
ADC_MultiModeDMARequestAfterLastTransferCmd       obj\STM32F4xx_StdPeriph_Driver\stm32f4xx_adc.o
ADC_RegularChannelConfig                          obj\STM32F4xx_StdPeriph_Driver\stm32f4xx_adc.o
ADC_SetInjectedOffset                             obj\STM32F4xx_StdPeriph_Driver\stm32f4xx_adc.o
ADC_SoftwareStartConv                             obj\STM32F4xx_StdPeriph_Driver\stm32f4xx_adc.o
ADC_SoftwareStartInjectedConv                     obj\STM32F4xx_StdPeriph_Driver\stm32f4xx_adc.o
ADC_StructInit                                    obj\STM32F4xx_StdPeriph_Driver\stm32f4xx_adc.o
ADC_TempSensorVrefintCmd                          obj\STM32F4xx_StdPeriph_Driver\stm32f4xx_adc.o
ADC_VBATCmd                                       obj\STM32F4xx_StdPeriph_Driver\stm32f4xx_adc.o
AHBPrescTable                                     obj\Src\system_stm32f4xx.o
AudioOff                                          obj\Src\Audio.o
AudioOn                                           obj\Src\Audio.o
BSP_Init                                          obj\Src\usb_bsp.o
BSP_delay                                         obj\Src\usb_bsp.o
BusFault_Handler                                  obj\Src\stm32f4xx_it.o
                                                  obj\Setup\startup_stm32f446xx.o
CAN1_RX0_IRQHandler                               obj\Setup\startup_stm32f446xx.o
CAN1_RX1_IRQHandler                               obj\Setup\startup_stm32f446xx.o
CAN1_SCE_IRQHandler                               obj\Setup\startup_stm32f446xx.o
CAN1_TX_IRQHandler                                obj\Setup\startup_stm32f446xx.o
CAN2_RX0_IRQHandler                               obj\Setup\startup_stm32f446xx.o
CAN2_RX1_IRQHandler                               obj\Setup\startup_stm32f446xx.o
CAN2_SCE_IRQHandler                               obj\Setup\startup_stm32f446xx.o
CAN2_TX_IRQHandler                                obj\Setup\startup_stm32f446xx.o
CAN_CancelTransmit                                obj\STM32F4xx_StdPeriph_Driver\stm32f4xx_can.o
CAN_ClearFlag                                     obj\STM32F4xx_StdPeriph_Driver\stm32f4xx_can.o
CAN_ClearITPendingBit                             obj\STM32F4xx_StdPeriph_Driver\stm32f4xx_can.o
CAN_DBGFreeze                                     obj\STM32F4xx_StdPeriph_Driver\stm32f4xx_can.o
CAN_DeInit                                        obj\STM32F4xx_StdPeriph_Driver\stm32f4xx_can.o
CAN_FIFORelease                                   obj\STM32F4xx_StdPeriph_Driver\stm32f4xx_can.o
CAN_FilterInit                                    obj\STM32F4xx_StdPeriph_Driver\stm32f4xx_can.o
CAN_GetFlagStatus                                 obj\STM32F4xx_StdPeriph_Driver\stm32f4xx_can.o
CAN_GetITStatus                                   obj\STM32F4xx_StdPeriph_Driver\stm32f4xx_can.o
CAN_GetLSBTransmitErrorCounter                    obj\STM32F4xx_StdPeriph_Driver\stm32f4xx_can.o
CAN_GetLastErrorCode                              obj\STM32F4xx_StdPeriph_Driver\stm32f4xx_can.o
CAN_GetReceiveErrorCounter                        obj\STM32F4xx_StdPeriph_Driver\stm32f4xx_can.o
CAN_ITConfig                                      obj\STM32F4xx_StdPeriph_Driver\stm32f4xx_can.o
CAN_Init                                          obj\STM32F4xx_StdPeriph_Driver\stm32f4xx_can.o
CAN_MessagePending                                obj\STM32F4xx_StdPeriph_Driver\stm32f4xx_can.o
CAN_OperatingModeRequest                          obj\STM32F4xx_StdPeriph_Driver\stm32f4xx_can.o
CAN_Receive                                       obj\STM32F4xx_StdPeriph_Driver\stm32f4xx_can.o
CAN_SlaveStartBank                                obj\STM32F4xx_StdPeriph_Driver\stm32f4xx_can.o
CAN_Sleep                                         obj\STM32F4xx_StdPeriph_Driver\stm32f4xx_can.o
CAN_StructInit                                    obj\STM32F4xx_StdPeriph_Driver\stm32f4xx_can.o
CAN_TTComModeCmd                                  obj\STM32F4xx_StdPeriph_Driver\stm32f4xx_can.o
CAN_Transmit                                      obj\STM32F4xx_StdPeriph_Driver\stm32f4xx_can.o
CAN_TransmitStatus                                obj\STM32F4xx_StdPeriph_Driver\stm32f4xx_can.o
CAN_WakeUp                                        obj\STM32F4xx_StdPeriph_Driver\stm32f4xx_can.o
CEC_IRQHandler                                    obj\Setup\startup_stm32f446xx.o
CRC_CalcBlockCRC                                  obj\STM32F4xx_StdPeriph_Driver\stm32f4xx_crc.o
CRC_CalcCRC                                       obj\STM32F4xx_StdPeriph_Driver\stm32f4xx_crc.o
CRC_GetCRC                                        obj\STM32F4xx_StdPeriph_Driver\stm32f4xx_crc.o
CRC_GetIDRegister                                 obj\STM32F4xx_StdPeriph_Driver\stm32f4xx_crc.o
CRC_ResetDR                                       obj\STM32F4xx_StdPeriph_Driver\stm32f4xx_crc.o
CRC_SetIDRegister                                 obj\STM32F4xx_StdPeriph_Driver\stm32f4xx_crc.o
CRYP_AES_CBC                                      obj\STM32F4xx_StdPeriph_Driver\stm32f4xx_cryp_aes.o
CRYP_AES_CTR                                      obj\STM32F4xx_StdPeriph_Driver\stm32f4xx_cryp_aes.o
CRYP_AES_ECB                                      obj\STM32F4xx_StdPeriph_Driver\stm32f4xx_cryp_aes.o
CRYP_Cmd                                          obj\STM32F4xx_StdPeriph_Driver\stm32f4xx_cryp.o
                                                  obj\STM32F4xx_StdPeriph_Driver\stm32f4xx_cryp_tdes.o
                                                  obj\STM32F4xx_StdPeriph_Driver\stm32f4xx_cryp_des.o
                                                  obj\STM32F4xx_StdPeriph_Driver\stm32f4xx_cryp_aes.o
CRYP_DES_CBC                                      obj\STM32F4xx_StdPeriph_Driver\stm32f4xx_cryp_des.o
CRYP_DES_ECB                                      obj\STM32F4xx_StdPeriph_Driver\stm32f4xx_cryp_des.o
CRYP_DMACmd                                       obj\STM32F4xx_StdPeriph_Driver\stm32f4xx_cryp.o
CRYP_DataIn                                       obj\STM32F4xx_StdPeriph_Driver\stm32f4xx_cryp.o
                                                  obj\STM32F4xx_StdPeriph_Driver\stm32f4xx_cryp_tdes.o
                                                  obj\STM32F4xx_StdPeriph_Driver\stm32f4xx_cryp_des.o
                                                  obj\STM32F4xx_StdPeriph_Driver\stm32f4xx_cryp_aes.o
CRYP_DataOut                                      obj\STM32F4xx_StdPeriph_Driver\stm32f4xx_cryp.o
                                                  obj\STM32F4xx_StdPeriph_Driver\stm32f4xx_cryp_tdes.o
                                                  obj\STM32F4xx_StdPeriph_Driver\stm32f4xx_cryp_des.o
                                                  obj\STM32F4xx_StdPeriph_Driver\stm32f4xx_cryp_aes.o
CRYP_DeInit                                       obj\STM32F4xx_StdPeriph_Driver\stm32f4xx_cryp.o
CRYP_FIFOFlush                                    obj\STM32F4xx_StdPeriph_Driver\stm32f4xx_cryp.o
                                                  obj\STM32F4xx_StdPeriph_Driver\stm32f4xx_cryp_tdes.o
                                                  obj\STM32F4xx_StdPeriph_Driver\stm32f4xx_cryp_des.o
                                                  obj\STM32F4xx_StdPeriph_Driver\stm32f4xx_cryp_aes.o
CRYP_GetFlagStatus                                obj\STM32F4xx_StdPeriph_Driver\stm32f4xx_cryp.o
                                                  obj\STM32F4xx_StdPeriph_Driver\stm32f4xx_cryp_tdes.o
                                                  obj\STM32F4xx_StdPeriph_Driver\stm32f4xx_cryp_des.o
                                                  obj\STM32F4xx_StdPeriph_Driver\stm32f4xx_cryp_aes.o
CRYP_GetITStatus                                  obj\STM32F4xx_StdPeriph_Driver\stm32f4xx_cryp.o
CRYP_ITConfig                                     obj\STM32F4xx_StdPeriph_Driver\stm32f4xx_cryp.o
CRYP_IVInit                                       obj\STM32F4xx_StdPeriph_Driver\stm32f4xx_cryp.o
                                                  obj\STM32F4xx_StdPeriph_Driver\stm32f4xx_cryp_tdes.o
                                                  obj\STM32F4xx_StdPeriph_Driver\stm32f4xx_cryp_des.o
                                                  obj\STM32F4xx_StdPeriph_Driver\stm32f4xx_cryp_aes.o
CRYP_IVStructInit                                 obj\STM32F4xx_StdPeriph_Driver\stm32f4xx_cryp.o
CRYP_Init                                         obj\STM32F4xx_StdPeriph_Driver\stm32f4xx_cryp.o
                                                  obj\STM32F4xx_StdPeriph_Driver\stm32f4xx_cryp_tdes.o
                                                  obj\STM32F4xx_StdPeriph_Driver\stm32f4xx_cryp_des.o
                                                  obj\STM32F4xx_StdPeriph_Driver\stm32f4xx_cryp_aes.o
CRYP_KeyInit                                      obj\STM32F4xx_StdPeriph_Driver\stm32f4xx_cryp.o
                                                  obj\STM32F4xx_StdPeriph_Driver\stm32f4xx_cryp_tdes.o
                                                  obj\STM32F4xx_StdPeriph_Driver\stm32f4xx_cryp_des.o
                                                  obj\STM32F4xx_StdPeriph_Driver\stm32f4xx_cryp_aes.o
CRYP_KeyStructInit                                obj\STM32F4xx_StdPeriph_Driver\stm32f4xx_cryp.o
                                                  obj\STM32F4xx_StdPeriph_Driver\stm32f4xx_cryp_tdes.o
                                                  obj\STM32F4xx_StdPeriph_Driver\stm32f4xx_cryp_des.o
                                                  obj\STM32F4xx_StdPeriph_Driver\stm32f4xx_cryp_aes.o
CRYP_RestoreContext                               obj\STM32F4xx_StdPeriph_Driver\stm32f4xx_cryp.o
CRYP_SaveContext                                  obj\STM32F4xx_StdPeriph_Driver\stm32f4xx_cryp.o
CRYP_StructInit                                   obj\STM32F4xx_StdPeriph_Driver\stm32f4xx_cryp.o
CRYP_TDES_CBC                                     obj\STM32F4xx_StdPeriph_Driver\stm32f4xx_cryp_tdes.o
CRYP_TDES_ECB                                     obj\STM32F4xx_StdPeriph_Driver\stm32f4xx_cryp_tdes.o
Command_index                                     obj\Src\usbh_usr.o
DAC_ClearFlag                                     obj\STM32F4xx_StdPeriph_Driver\stm32f4xx_dac.o
DAC_ClearITPendingBit                             obj\STM32F4xx_StdPeriph_Driver\stm32f4xx_dac.o
DAC_Cmd                                           obj\STM32F4xx_StdPeriph_Driver\stm32f4xx_dac.o
DAC_DMACmd                                        obj\STM32F4xx_StdPeriph_Driver\stm32f4xx_dac.o
DAC_DeInit                                        obj\STM32F4xx_StdPeriph_Driver\stm32f4xx_dac.o
DAC_DualSoftwareTriggerCmd                        obj\STM32F4xx_StdPeriph_Driver\stm32f4xx_dac.o
DAC_GetDataOutputValue                            obj\STM32F4xx_StdPeriph_Driver\stm32f4xx_dac.o
DAC_GetFlagStatus                                 obj\STM32F4xx_StdPeriph_Driver\stm32f4xx_dac.o
DAC_GetITStatus                                   obj\STM32F4xx_StdPeriph_Driver\stm32f4xx_dac.o
DAC_ITConfig                                      obj\STM32F4xx_StdPeriph_Driver\stm32f4xx_dac.o
DAC_Init                                          obj\STM32F4xx_StdPeriph_Driver\stm32f4xx_dac.o
DAC_SetChannel1Data                               obj\STM32F4xx_StdPeriph_Driver\stm32f4xx_dac.o
DAC_SetChannel2Data                               obj\STM32F4xx_StdPeriph_Driver\stm32f4xx_dac.o
DAC_SetDualChannelData                            obj\STM32F4xx_StdPeriph_Driver\stm32f4xx_dac.o
DAC_SoftwareTriggerCmd                            obj\STM32F4xx_StdPeriph_Driver\stm32f4xx_dac.o
DAC_StructInit                                    obj\STM32F4xx_StdPeriph_Driver\stm32f4xx_dac.o
DAC_WaveGenerationCmd                             obj\STM32F4xx_StdPeriph_Driver\stm32f4xx_dac.o
DBGMCU_APB1PeriphConfig                           obj\STM32F4xx_StdPeriph_Driver\stm32f4xx_dbgmcu.o
DBGMCU_APB2PeriphConfig                           obj\STM32F4xx_StdPeriph_Driver\stm32f4xx_dbgmcu.o
DBGMCU_Config                                     obj\STM32F4xx_StdPeriph_Driver\stm32f4xx_dbgmcu.o
DBGMCU_GetDEVID                                   obj\STM32F4xx_StdPeriph_Driver\stm32f4xx_dbgmcu.o
DBGMCU_GetREVID                                   obj\STM32F4xx_StdPeriph_Driver\stm32f4xx_dbgmcu.o
DCMI_CROPCmd                                      obj\STM32F4xx_StdPeriph_Driver\stm32f4xx_dcmi.o
DCMI_CROPConfig                                   obj\STM32F4xx_StdPeriph_Driver\stm32f4xx_dcmi.o
DCMI_CaptureCmd                                   obj\STM32F4xx_StdPeriph_Driver\stm32f4xx_dcmi.o
DCMI_ClearFlag                                    obj\STM32F4xx_StdPeriph_Driver\stm32f4xx_dcmi.o
DCMI_ClearITPendingBit                            obj\STM32F4xx_StdPeriph_Driver\stm32f4xx_dcmi.o
DCMI_Cmd                                          obj\STM32F4xx_StdPeriph_Driver\stm32f4xx_dcmi.o
DCMI_DeInit                                       obj\STM32F4xx_StdPeriph_Driver\stm32f4xx_dcmi.o
DCMI_GetFlagStatus                                obj\STM32F4xx_StdPeriph_Driver\stm32f4xx_dcmi.o
DCMI_GetITStatus                                  obj\STM32F4xx_StdPeriph_Driver\stm32f4xx_dcmi.o
DCMI_IRQHandler                                   obj\Setup\startup_stm32f446xx.o
DCMI_ITConfig                                     obj\STM32F4xx_StdPeriph_Driver\stm32f4xx_dcmi.o
DCMI_Init                                         obj\STM32F4xx_StdPeriph_Driver\stm32f4xx_dcmi.o
DCMI_JPEGCmd                                      obj\STM32F4xx_StdPeriph_Driver\stm32f4xx_dcmi.o
DCMI_ReadData                                     obj\STM32F4xx_StdPeriph_Driver\stm32f4xx_dcmi.o
DCMI_SetEmbeddedSynchroCodes                      obj\STM32F4xx_StdPeriph_Driver\stm32f4xx_dcmi.o
DCMI_StructInit                                   obj\STM32F4xx_StdPeriph_Driver\stm32f4xx_dcmi.o
DMA1_Stream0_IRQHandler                           obj\Setup\startup_stm32f446xx.o
DMA1_Stream1_IRQHandler                           obj\Setup\startup_stm32f446xx.o
DMA1_Stream2_IRQHandler                           obj\Setup\startup_stm32f446xx.o
DMA1_Stream3_IRQHandler                           obj\Setup\startup_stm32f446xx.o
DMA1_Stream4_IRQHandler                           obj\Setup\startup_stm32f446xx.o
DMA1_Stream5_IRQHandler                           obj\Setup\startup_stm32f446xx.o
DMA1_Stream6_IRQHandler                           obj\Setup\startup_stm32f446xx.o
DMA1_Stream7_IRQHandler                           obj\Src\Audio.o
                                                  obj\Setup\startup_stm32f446xx.o
DMA2_Stream0_IRQHandler                           obj\Setup\startup_stm32f446xx.o
DMA2_Stream1_IRQHandler                           obj\Setup\startup_stm32f446xx.o
DMA2_Stream2_IRQHandler                           obj\Setup\startup_stm32f446xx.o
DMA2_Stream3_IRQHandler                           obj\Setup\startup_stm32f446xx.o
DMA2_Stream4_IRQHandler                           obj\Setup\startup_stm32f446xx.o
DMA2_Stream5_IRQHandler                           obj\Setup\startup_stm32f446xx.o
DMA2_Stream6_IRQHandler                           obj\Setup\startup_stm32f446xx.o
DMA2_Stream7_IRQHandler                           obj\Setup\startup_stm32f446xx.o
DMA_ClearFlag                                     obj\STM32F4xx_StdPeriph_Driver\stm32f4xx_dma.o
DMA_ClearITPendingBit                             obj\STM32F4xx_StdPeriph_Driver\stm32f4xx_dma.o
DMA_Cmd                                           obj\STM32F4xx_StdPeriph_Driver\stm32f4xx_dma.o
DMA_DeInit                                        obj\STM32F4xx_StdPeriph_Driver\stm32f4xx_dma.o
DMA_DoubleBufferModeCmd                           obj\STM32F4xx_StdPeriph_Driver\stm32f4xx_dma.o
DMA_DoubleBufferModeConfig                        obj\STM32F4xx_StdPeriph_Driver\stm32f4xx_dma.o
DMA_FlowControllerConfig                          obj\STM32F4xx_StdPeriph_Driver\stm32f4xx_dma.o
DMA_GetCmdStatus                                  obj\STM32F4xx_StdPeriph_Driver\stm32f4xx_dma.o
DMA_GetCurrDataCounter                            obj\STM32F4xx_StdPeriph_Driver\stm32f4xx_dma.o
DMA_GetCurrentMemoryTarget                        obj\STM32F4xx_StdPeriph_Driver\stm32f4xx_dma.o
DMA_GetFIFOStatus                                 obj\STM32F4xx_StdPeriph_Driver\stm32f4xx_dma.o
DMA_GetFlagStatus                                 obj\STM32F4xx_StdPeriph_Driver\stm32f4xx_dma.o
DMA_GetITStatus                                   obj\STM32F4xx_StdPeriph_Driver\stm32f4xx_dma.o
DMA_ITConfig                                      obj\STM32F4xx_StdPeriph_Driver\stm32f4xx_dma.o
DMA_Init                                          obj\STM32F4xx_StdPeriph_Driver\stm32f4xx_dma.o
DMA_MemoryTargetConfig                            obj\STM32F4xx_StdPeriph_Driver\stm32f4xx_dma.o
DMA_PeriphIncOffsetSizeConfig                     obj\STM32F4xx_StdPeriph_Driver\stm32f4xx_dma.o
DMA_SetCurrDataCounter                            obj\STM32F4xx_StdPeriph_Driver\stm32f4xx_dma.o
DMA_StructInit                                    obj\STM32F4xx_StdPeriph_Driver\stm32f4xx_dma.o
DebugMon_Handler                                  obj\Src\stm32f4xx_it.o
                                                  obj\Setup\startup_stm32f446xx.o
Default_Handler                                   obj\Setup\startup_stm32f446xx.o
Delay                                             obj\Src\main.o
                                                  obj\5110\5110.o
EXTI0_IRQHandler                                  obj\Src\stm32f4xx_it.o
                                                  obj\Setup\startup_stm32f446xx.o
EXTI15_10_IRQHandler                              obj\Setup\startup_stm32f446xx.o
EXTI1_IRQHandler                                  obj\Src\stm32f4xx_it.o
                                                  obj\Setup\startup_stm32f446xx.o
EXTI2_IRQHandler                                  obj\Setup\startup_stm32f446xx.o
EXTI3_IRQHandler                                  obj\Setup\startup_stm32f446xx.o
EXTI4_IRQHandler                                  obj\Setup\startup_stm32f446xx.o
EXTI9_5_IRQHandler                                obj\Setup\startup_stm32f446xx.o
EXTI_ClearFlag                                    obj\STM32F4xx_StdPeriph_Driver\stm32f4xx_exti.o
EXTI_ClearITPendingBit                            obj\STM32F4xx_StdPeriph_Driver\stm32f4xx_exti.o
                                                  obj\Src\stm32f4xx_it.o
EXTI_DeInit                                       obj\STM32F4xx_StdPeriph_Driver\stm32f4xx_exti.o
EXTI_GenerateSWInterrupt                          obj\STM32F4xx_StdPeriph_Driver\stm32f4xx_exti.o
EXTI_GetFlagStatus                                obj\STM32F4xx_StdPeriph_Driver\stm32f4xx_exti.o
EXTI_GetITStatus                                  obj\STM32F4xx_StdPeriph_Driver\stm32f4xx_exti.o
EXTI_Init                                         obj\STM32F4xx_StdPeriph_Driver\stm32f4xx_exti.o
EXTI_StructInit                                   obj\STM32F4xx_StdPeriph_Driver\stm32f4xx_exti.o
FLASH_ClearFlag                                   obj\STM32F4xx_StdPeriph_Driver\stm32f4xx_flash.o
FLASH_DataCacheCmd                                obj\STM32F4xx_StdPeriph_Driver\stm32f4xx_flash.o
FLASH_DataCacheReset                              obj\STM32F4xx_StdPeriph_Driver\stm32f4xx_flash.o
FLASH_EraseAllSectors                             obj\STM32F4xx_StdPeriph_Driver\stm32f4xx_flash.o
FLASH_EraseSector                                 obj\STM32F4xx_StdPeriph_Driver\stm32f4xx_flash.o
FLASH_GetFlagStatus                               obj\STM32F4xx_StdPeriph_Driver\stm32f4xx_flash.o
FLASH_GetStatus                                   obj\STM32F4xx_StdPeriph_Driver\stm32f4xx_flash.o
FLASH_IRQHandler                                  obj\Setup\startup_stm32f446xx.o
FLASH_ITConfig                                    obj\STM32F4xx_StdPeriph_Driver\stm32f4xx_flash.o
FLASH_InstructionCacheCmd                         obj\STM32F4xx_StdPeriph_Driver\stm32f4xx_flash.o
FLASH_InstructionCacheReset                       obj\STM32F4xx_StdPeriph_Driver\stm32f4xx_flash.o
FLASH_Lock                                        obj\STM32F4xx_StdPeriph_Driver\stm32f4xx_flash.o
FLASH_OB_BORConfig                                obj\STM32F4xx_StdPeriph_Driver\stm32f4xx_flash.o
FLASH_OB_GetBOR                                   obj\STM32F4xx_StdPeriph_Driver\stm32f4xx_flash.o
FLASH_OB_GetRDP                                   obj\STM32F4xx_StdPeriph_Driver\stm32f4xx_flash.o
FLASH_OB_GetUser                                  obj\STM32F4xx_StdPeriph_Driver\stm32f4xx_flash.o
FLASH_OB_GetWRP                                   obj\STM32F4xx_StdPeriph_Driver\stm32f4xx_flash.o
FLASH_OB_Launch                                   obj\STM32F4xx_StdPeriph_Driver\stm32f4xx_flash.o
FLASH_OB_Lock                                     obj\STM32F4xx_StdPeriph_Driver\stm32f4xx_flash.o
FLASH_OB_RDPConfig                                obj\STM32F4xx_StdPeriph_Driver\stm32f4xx_flash.o
FLASH_OB_Unlock                                   obj\STM32F4xx_StdPeriph_Driver\stm32f4xx_flash.o
FLASH_OB_UserConfig                               obj\STM32F4xx_StdPeriph_Driver\stm32f4xx_flash.o
FLASH_OB_WRPConfig                                obj\STM32F4xx_StdPeriph_Driver\stm32f4xx_flash.o
FLASH_PrefetchBufferCmd                           obj\STM32F4xx_StdPeriph_Driver\stm32f4xx_flash.o
FLASH_ProgramByte                                 obj\STM32F4xx_StdPeriph_Driver\stm32f4xx_flash.o
FLASH_ProgramDoubleWord                           obj\STM32F4xx_StdPeriph_Driver\stm32f4xx_flash.o
FLASH_ProgramHalfWord                             obj\STM32F4xx_StdPeriph_Driver\stm32f4xx_flash.o
FLASH_ProgramWord                                 obj\STM32F4xx_StdPeriph_Driver\stm32f4xx_flash.o
FLASH_SetLatency                                  obj\STM32F4xx_StdPeriph_Driver\stm32f4xx_flash.o
FLASH_Unlock                                      obj\STM32F4xx_StdPeriph_Driver\stm32f4xx_flash.o
FLASH_WaitForLastOperation                        obj\STM32F4xx_StdPeriph_Driver\stm32f4xx_flash.o
FMC_IRQHandler                                    obj\Setup\startup_stm32f446xx.o
FMPI2C1_Error_IRQHandler                          obj\Setup\startup_stm32f446xx.o
FMPI2C1_Event_IRQHandler                          obj\Setup\startup_stm32f446xx.o
FPU_IRQHandler                                    obj\Setup\startup_stm32f446xx.o
FSMC_ClearFlag                                    obj\STM32F4xx_StdPeriph_Driver\stm32f4xx_fsmc.o
FSMC_ClearITPendingBit                            obj\STM32F4xx_StdPeriph_Driver\stm32f4xx_fsmc.o
FSMC_GetECC                                       obj\STM32F4xx_StdPeriph_Driver\stm32f4xx_fsmc.o
FSMC_GetFlagStatus                                obj\STM32F4xx_StdPeriph_Driver\stm32f4xx_fsmc.o
FSMC_GetITStatus                                  obj\STM32F4xx_StdPeriph_Driver\stm32f4xx_fsmc.o
FSMC_ITConfig                                     obj\STM32F4xx_StdPeriph_Driver\stm32f4xx_fsmc.o
FSMC_NANDCmd                                      obj\STM32F4xx_StdPeriph_Driver\stm32f4xx_fsmc.o
FSMC_NANDDeInit                                   obj\STM32F4xx_StdPeriph_Driver\stm32f4xx_fsmc.o
FSMC_NANDECCCmd                                   obj\STM32F4xx_StdPeriph_Driver\stm32f4xx_fsmc.o
FSMC_NANDInit                                     obj\STM32F4xx_StdPeriph_Driver\stm32f4xx_fsmc.o
FSMC_NANDStructInit                               obj\STM32F4xx_StdPeriph_Driver\stm32f4xx_fsmc.o
FSMC_NORSRAMCmd                                   obj\STM32F4xx_StdPeriph_Driver\stm32f4xx_fsmc.o
FSMC_NORSRAMDeInit                                obj\STM32F4xx_StdPeriph_Driver\stm32f4xx_fsmc.o
FSMC_NORSRAMInit                                  obj\STM32F4xx_StdPeriph_Driver\stm32f4xx_fsmc.o
FSMC_NORSRAMStructInit                            obj\STM32F4xx_StdPeriph_Driver\stm32f4xx_fsmc.o
FSMC_PCCARDCmd                                    obj\STM32F4xx_StdPeriph_Driver\stm32f4xx_fsmc.o
FSMC_PCCARDDeInit                                 obj\STM32F4xx_StdPeriph_Driver\stm32f4xx_fsmc.o
FSMC_PCCARDInit                                   obj\STM32F4xx_StdPeriph_Driver\stm32f4xx_fsmc.o
FSMC_PCCARDStructInit                             obj\STM32F4xx_StdPeriph_Driver\stm32f4xx_fsmc.o
GPIO_DeInit                                       obj\STM32F4xx_StdPeriph_Driver\stm32f4xx_gpio.o
GPIO_Init                                         obj\STM32F4xx_StdPeriph_Driver\stm32f4xx_gpio.o
                                                  obj\Src\usb_bsp.o
                                                  obj\Src\config_io.o
                                                  obj\5110\5110.o
GPIO_PinAFConfig                                  obj\STM32F4xx_StdPeriph_Driver\stm32f4xx_gpio.o
                                                  obj\Src\usb_bsp.o
                                                  obj\Src\config_io.o
GPIO_PinLockConfig                                obj\STM32F4xx_StdPeriph_Driver\stm32f4xx_gpio.o
GPIO_ReadInputData                                obj\STM32F4xx_StdPeriph_Driver\stm32f4xx_gpio.o
GPIO_ReadInputDataBit                             obj\STM32F4xx_StdPeriph_Driver\stm32f4xx_gpio.o
GPIO_ReadOutputData                               obj\STM32F4xx_StdPeriph_Driver\stm32f4xx_gpio.o
GPIO_ReadOutputDataBit                            obj\STM32F4xx_StdPeriph_Driver\stm32f4xx_gpio.o
GPIO_ResetBits                                    obj\STM32F4xx_StdPeriph_Driver\stm32f4xx_gpio.o
                                                  obj\Src\usb_bsp.o
                                                  obj\5110\5110.o
GPIO_SetBits                                      obj\STM32F4xx_StdPeriph_Driver\stm32f4xx_gpio.o
                                                  obj\Src\usb_bsp.o
                                                  obj\5110\5110.o
GPIO_StructInit                                   obj\STM32F4xx_StdPeriph_Driver\stm32f4xx_gpio.o
GPIO_ToggleBits                                   obj\STM32F4xx_StdPeriph_Driver\stm32f4xx_gpio.o
                                                  obj\Src\main.o
GPIO_Write                                        obj\STM32F4xx_StdPeriph_Driver\stm32f4xx_gpio.o
GPIO_WriteBit                                     obj\STM32F4xx_StdPeriph_Driver\stm32f4xx_gpio.o
HASH_ClearFlag                                    obj\STM32F4xx_StdPeriph_Driver\stm32f4xx_hash.o
HASH_ClearITPendingBit                            obj\STM32F4xx_StdPeriph_Driver\stm32f4xx_hash.o
HASH_DMACmd                                       obj\STM32F4xx_StdPeriph_Driver\stm32f4xx_hash.o
HASH_DataIn                                       obj\STM32F4xx_StdPeriph_Driver\stm32f4xx_hash.o
                                                  obj\STM32F4xx_StdPeriph_Driver\stm32f4xx_hash_sha1.o
                                                  obj\STM32F4xx_StdPeriph_Driver\stm32f4xx_hash_md5.o
HASH_DeInit                                       obj\STM32F4xx_StdPeriph_Driver\stm32f4xx_hash.o
                                                  obj\STM32F4xx_StdPeriph_Driver\stm32f4xx_hash_sha1.o
                                                  obj\STM32F4xx_StdPeriph_Driver\stm32f4xx_hash_md5.o
HASH_GetDigest                                    obj\STM32F4xx_StdPeriph_Driver\stm32f4xx_hash.o
                                                  obj\STM32F4xx_StdPeriph_Driver\stm32f4xx_hash_sha1.o
                                                  obj\STM32F4xx_StdPeriph_Driver\stm32f4xx_hash_md5.o
HASH_GetFlagStatus                                obj\STM32F4xx_StdPeriph_Driver\stm32f4xx_hash.o
                                                  obj\STM32F4xx_StdPeriph_Driver\stm32f4xx_hash_sha1.o
                                                  obj\STM32F4xx_StdPeriph_Driver\stm32f4xx_hash_md5.o
HASH_GetITStatus                                  obj\STM32F4xx_StdPeriph_Driver\stm32f4xx_hash.o
HASH_GetInFIFOWordsNbr                            obj\STM32F4xx_StdPeriph_Driver\stm32f4xx_hash.o
HASH_ITConfig                                     obj\STM32F4xx_StdPeriph_Driver\stm32f4xx_hash.o
HASH_Init                                         obj\STM32F4xx_StdPeriph_Driver\stm32f4xx_hash.o
                                                  obj\STM32F4xx_StdPeriph_Driver\stm32f4xx_hash_sha1.o
                                                  obj\STM32F4xx_StdPeriph_Driver\stm32f4xx_hash_md5.o
HASH_MD5                                          obj\STM32F4xx_StdPeriph_Driver\stm32f4xx_hash_md5.o
HASH_Reset                                        obj\STM32F4xx_StdPeriph_Driver\stm32f4xx_hash.o
HASH_RestoreContext                               obj\STM32F4xx_StdPeriph_Driver\stm32f4xx_hash.o
HASH_SHA1                                         obj\STM32F4xx_StdPeriph_Driver\stm32f4xx_hash_sha1.o
HASH_SaveContext                                  obj\STM32F4xx_StdPeriph_Driver\stm32f4xx_hash.o
HASH_SetLastWordValidBitsNbr                      obj\STM32F4xx_StdPeriph_Driver\stm32f4xx_hash.o
                                                  obj\STM32F4xx_StdPeriph_Driver\stm32f4xx_hash_sha1.o
                                                  obj\STM32F4xx_StdPeriph_Driver\stm32f4xx_hash_md5.o
HASH_StartDigest                                  obj\STM32F4xx_StdPeriph_Driver\stm32f4xx_hash.o
                                                  obj\STM32F4xx_StdPeriph_Driver\stm32f4xx_hash_sha1.o
                                                  obj\STM32F4xx_StdPeriph_Driver\stm32f4xx_hash_md5.o
HASH_StructInit                                   obj\STM32F4xx_StdPeriph_Driver\stm32f4xx_hash.o
HCD_GetCurrentFrame                               obj\USB_OTG\usb_hcd.o
                                                  obj\USB_Host\usbh_core.o
HCD_GetCurrentSpeed                               obj\USB_OTG\usb_hcd.o
                                                  obj\USB_Host\usbh_core.o
HCD_GetHCState                                    obj\USB_OTG\usb_hcd.o
HCD_GetURB_State                                  obj\USB_OTG\usb_hcd.o
                                                  obj\USB_Host\usbh_msc_bot.o
                                                  obj\USB_Host\usbh_ioreq.o
                                                  obj\USB_Host\usbh_core.o
HCD_GetXferCnt                                    obj\USB_OTG\usb_hcd.o
                                                  obj\USB_Host\usbh_msc_bot.o
HCD_HC_Init                                       obj\USB_OTG\usb_hcd.o
HCD_Init                                          obj\USB_OTG\usb_hcd.o
                                                  obj\USB_Host\usbh_core.o
HCD_IsDeviceConnected                             obj\USB_OTG\usb_hcd.o
                                                  obj\USB_Host\usbh_msc_scsi.o
                                                  obj\USB_Host\usbh_msc_fatfs.o
                                                  obj\USB_Host\usbh_msc_core.o
                                                  obj\USB_Host\usbh_msc_bot.o
                                                  obj\USB_Host\usbh_core.o
HCD_ResetPort                                     obj\USB_OTG\usb_hcd.o
                                                  obj\USB_Host\usbh_core.o
HCD_SubmitRequest                                 obj\USB_OTG\usb_hcd.o
                                                  obj\USB_Host\usbh_ioreq.o
HMAC_MD5                                          obj\STM32F4xx_StdPeriph_Driver\stm32f4xx_hash_md5.o
HMAC_SHA1                                         obj\STM32F4xx_StdPeriph_Driver\stm32f4xx_hash_sha1.o
HSEStartUpStatus                                  obj\Src\usb_bsp.o
HW_Init                                           obj\STM32F4xx_StdPeriph_Driver\stm32f4xx_spi.o
HardFault_Handler                                 obj\Src\stm32f4xx_it.o
                                                  obj\Setup\startup_stm32f446xx.o
I2C1_ER_IRQHandler                                obj\Setup\startup_stm32f446xx.o
I2C1_EV_IRQHandler                                obj\Setup\startup_stm32f446xx.o
I2C2_ER_IRQHandler                                obj\Setup\startup_stm32f446xx.o
I2C2_EV_IRQHandler                                obj\Setup\startup_stm32f446xx.o
I2C3_ER_IRQHandler                                obj\Setup\startup_stm32f446xx.o
I2C3_EV_IRQHandler                                obj\Setup\startup_stm32f446xx.o
I2C_ARPCmd                                        obj\STM32F4xx_StdPeriph_Driver\stm32f4xx_i2c.o
I2C_AcknowledgeConfig                             obj\STM32F4xx_StdPeriph_Driver\stm32f4xx_i2c.o
I2C_CalculatePEC                                  obj\STM32F4xx_StdPeriph_Driver\stm32f4xx_i2c.o
I2C_CheckEvent                                    obj\STM32F4xx_StdPeriph_Driver\stm32f4xx_i2c.o
I2C_ClearFlag                                     obj\STM32F4xx_StdPeriph_Driver\stm32f4xx_i2c.o
I2C_ClearITPendingBit                             obj\STM32F4xx_StdPeriph_Driver\stm32f4xx_i2c.o
I2C_Cmd                                           obj\STM32F4xx_StdPeriph_Driver\stm32f4xx_i2c.o
I2C_DMACmd                                        obj\STM32F4xx_StdPeriph_Driver\stm32f4xx_i2c.o
I2C_DMALastTransferCmd                            obj\STM32F4xx_StdPeriph_Driver\stm32f4xx_i2c.o
I2C_DeInit                                        obj\STM32F4xx_StdPeriph_Driver\stm32f4xx_i2c.o
I2C_DualAddressCmd                                obj\STM32F4xx_StdPeriph_Driver\stm32f4xx_i2c.o
I2C_FastModeDutyCycleConfig                       obj\STM32F4xx_StdPeriph_Driver\stm32f4xx_i2c.o
I2C_GeneralCallCmd                                obj\STM32F4xx_StdPeriph_Driver\stm32f4xx_i2c.o
I2C_GenerateSTART                                 obj\STM32F4xx_StdPeriph_Driver\stm32f4xx_i2c.o
I2C_GenerateSTOP                                  obj\STM32F4xx_StdPeriph_Driver\stm32f4xx_i2c.o
I2C_GetFlagStatus                                 obj\STM32F4xx_StdPeriph_Driver\stm32f4xx_i2c.o
I2C_GetITStatus                                   obj\STM32F4xx_StdPeriph_Driver\stm32f4xx_i2c.o
I2C_GetLastEvent                                  obj\STM32F4xx_StdPeriph_Driver\stm32f4xx_i2c.o
I2C_GetPEC                                        obj\STM32F4xx_StdPeriph_Driver\stm32f4xx_i2c.o
I2C_ITConfig                                      obj\STM32F4xx_StdPeriph_Driver\stm32f4xx_i2c.o
I2C_Init                                          obj\STM32F4xx_StdPeriph_Driver\stm32f4xx_i2c.o
I2C_NACKPositionConfig                            obj\STM32F4xx_StdPeriph_Driver\stm32f4xx_i2c.o
I2C_OwnAddress2Config                             obj\STM32F4xx_StdPeriph_Driver\stm32f4xx_i2c.o
I2C_PECPositionConfig                             obj\STM32F4xx_StdPeriph_Driver\stm32f4xx_i2c.o
I2C_ReadRegister                                  obj\STM32F4xx_StdPeriph_Driver\stm32f4xx_i2c.o
I2C_ReceiveData                                   obj\STM32F4xx_StdPeriph_Driver\stm32f4xx_i2c.o
I2C_SMBusAlertConfig                              obj\STM32F4xx_StdPeriph_Driver\stm32f4xx_i2c.o
I2C_Send7bitAddress                               obj\STM32F4xx_StdPeriph_Driver\stm32f4xx_i2c.o
I2C_SendData                                      obj\STM32F4xx_StdPeriph_Driver\stm32f4xx_i2c.o
I2C_SoftwareResetCmd                              obj\STM32F4xx_StdPeriph_Driver\stm32f4xx_i2c.o
I2C_StretchClockCmd                               obj\STM32F4xx_StdPeriph_Driver\stm32f4xx_i2c.o
I2C_StructInit                                    obj\STM32F4xx_StdPeriph_Driver\stm32f4xx_i2c.o
I2C_TransmitPEC                                   obj\STM32F4xx_StdPeriph_Driver\stm32f4xx_i2c.o
I2S_Cmd                                           obj\STM32F4xx_StdPeriph_Driver\stm32f4xx_spi.o
I2S_FullDuplexConfig                              obj\STM32F4xx_StdPeriph_Driver\stm32f4xx_spi.o
I2S_Init                                          obj\STM32F4xx_StdPeriph_Driver\stm32f4xx_spi.o
I2S_StructInit                                    obj\STM32F4xx_StdPeriph_Driver\stm32f4xx_spi.o
IWDG_Enable                                       obj\STM32F4xx_StdPeriph_Driver\stm32f4xx_iwdg.o
IWDG_GetFlagStatus                                obj\STM32F4xx_StdPeriph_Driver\stm32f4xx_iwdg.o
IWDG_ReloadCounter                                obj\STM32F4xx_StdPeriph_Driver\stm32f4xx_iwdg.o
IWDG_SetPrescaler                                 obj\STM32F4xx_StdPeriph_Driver\stm32f4xx_iwdg.o
IWDG_SetReload                                    obj\STM32F4xx_StdPeriph_Driver\stm32f4xx_iwdg.o
IWDG_WriteAccessCmd                               obj\STM32F4xx_StdPeriph_Driver\stm32f4xx_iwdg.o
InitializeAudio                                   obj\Src\Audio.o
InitializeIOs                                     obj\Src\config_io.o
                                                  obj\Src\main.o
LCD5110_CS                                        obj\5110\5110.o
LCD5110_DC                                        obj\5110\5110.o
LCD5110_DIN                                       obj\5110\5110.o
LCD5110_GPIO_Config                               obj\5110\5110.o
LCD5110_LCD_write_byte                            obj\5110\5110.o
LCD5110_Led                                       obj\5110\5110.o
LCD5110_RST                                       obj\5110\5110.o
LCD5110_SCK                                       obj\5110\5110.o
LCD5110_block_int                                 obj\Src\main.o
LCD5110_clear                                     obj\5110\5110.o
LCD5110_init                                      obj\5110\5110.o
                                                  obj\Src\main.o
LCD5110_set_XY                                    obj\5110\5110.o
                                                  obj\Src\main.o
LCD5110_write_Dec                                 obj\5110\5110.o
LCD5110_write_Dec2                                obj\5110\5110.o
LCD5110_write_char                                obj\5110\5110.o
LCD5110_write_char_inv                            obj\5110\5110.o
LCD5110_write_string                              obj\5110\5110.o
                                                  obj\Src\main.o
MP3Decode                                         obj\HELIX\mp3dec.o
MP3FindSyncWord                                   obj\HELIX\mp3dec.o
MP3FreeDecoder                                    obj\HELIX\mp3dec.o
MP3GetLastFrameInfo                               obj\HELIX\mp3dec.o
MP3GetNextFrameInfo                               obj\HELIX\mp3dec.o
MP3InitDecoder                                    obj\HELIX\mp3dec.o
MSCErrorCount                                     obj\USB_Host\usbh_msc_core.o
                                                  obj\USB_Host\usbh_msc_bot.o
MSC_Machine                                       obj\USB_Host\usbh_msc_core.o
                                                  obj\USB_Host\usbh_msc_bot.o
MSC_Setup                                         obj\USB_Host\usbh_msc_core.o
MemManage_Handler                                 obj\Src\stm32f4xx_it.o
                                                  obj\Setup\startup_stm32f446xx.o
NMI_Handler                                       obj\Src\stm32f4xx_it.o
                                                  obj\Setup\startup_stm32f446xx.o
NVIC_Init                                         obj\STM32F4xx_StdPeriph_Driver\misc.o
                                                  obj\Src\usb_bsp.o
                                                  obj\Src\main.o
NVIC_PriorityGroupConfig                          obj\STM32F4xx_StdPeriph_Driver\misc.o
                                                  obj\Src\usb_bsp.o
                                                  obj\Src\main.o
NVIC_SetVectorTable                               obj\STM32F4xx_StdPeriph_Driver\misc.o
                                                  obj\Src\usb_bsp.o
                                                  obj\Src\main.o
NVIC_SystemLPConfig                               obj\STM32F4xx_StdPeriph_Driver\misc.o
OTG_FS_IRQHandler                                 obj\Src\stm32f4xx_it.o
                                                  obj\Setup\startup_stm32f446xx.o
OTG_FS_WKUP_IRQHandler                            obj\Setup\startup_stm32f446xx.o
OTG_HS_EP1_IN_IRQHandler                          obj\Setup\startup_stm32f446xx.o
OTG_HS_EP1_OUT_IRQHandler                         obj\Setup\startup_stm32f446xx.o
OTG_HS_IRQHandler                                 obj\Setup\startup_stm32f446xx.o
OTG_HS_WKUP_IRQHandler                            obj\Setup\startup_stm32f446xx.o
PVD_IRQHandler                                    obj\Setup\startup_stm32f446xx.o
PWR_BackupAccessCmd                               obj\STM32F4xx_StdPeriph_Driver\stm32f4xx_pwr.o
PWR_BackupRegulatorCmd                            obj\STM32F4xx_StdPeriph_Driver\stm32f4xx_pwr.o
PWR_ClearFlag                                     obj\STM32F4xx_StdPeriph_Driver\stm32f4xx_pwr.o
PWR_DeInit                                        obj\STM32F4xx_StdPeriph_Driver\stm32f4xx_pwr.o
PWR_EnterSTANDBYMode                              obj\STM32F4xx_StdPeriph_Driver\stm32f4xx_pwr.o
PWR_EnterSTOPMode                                 obj\STM32F4xx_StdPeriph_Driver\stm32f4xx_pwr.o
PWR_FlashPowerDownCmd                             obj\STM32F4xx_StdPeriph_Driver\stm32f4xx_pwr.o
PWR_GetFlagStatus                                 obj\STM32F4xx_StdPeriph_Driver\stm32f4xx_pwr.o
PWR_MainRegulatorModeConfig                       obj\STM32F4xx_StdPeriph_Driver\stm32f4xx_pwr.o
PWR_PVDCmd                                        obj\STM32F4xx_StdPeriph_Driver\stm32f4xx_pwr.o
PWR_PVDLevelConfig                                obj\STM32F4xx_StdPeriph_Driver\stm32f4xx_pwr.o
PWR_WakeUpPinCmd                                  obj\STM32F4xx_StdPeriph_Driver\stm32f4xx_pwr.o
PendSV_Handler                                    obj\Src\stm32f4xx_it.o
                                                  obj\Setup\startup_stm32f446xx.o
PlayAudioWithCallback                             obj\Src\Audio.o
ProvideAudioBuffer                                obj\Src\Audio.o
ProvideAudioBufferWithoutBlocking                 obj\Src\Audio.o
QUADSPI_IRQHandler                                obj\Setup\startup_stm32f446xx.o